Archive member included to satisfy reference by file (symbol)

C:/ST/STM32CubeIDE_1.17.0/STM32CubeIDE/plugins/com.st.stm32cube.ide.mcu.externaltools.gnu-tools-for-stm32.12.3.rel1.win32_1.1.0.202410251130/tools/bin/../lib/gcc/arm-none-eabi/12.3.1/../../../../arm-none-eabi/lib/thumb/v7e-m+fp/hard\libc_nano.a(libc_a-exit.o)
                              C:/ST/STM32CubeIDE_1.17.0/STM32CubeIDE/plugins/com.st.stm32cube.ide.mcu.externaltools.gnu-tools-for-stm32.12.3.rel1.win32_1.1.0.202410251130/tools/bin/../lib/gcc/arm-none-eabi/12.3.1/../../../../arm-none-eabi/lib/thumb/v7e-m+fp/hard/crt0.o (exit)
C:/ST/STM32CubeIDE_1.17.0/STM32CubeIDE/plugins/com.st.stm32cube.ide.mcu.externaltools.gnu-tools-for-stm32.12.3.rel1.win32_1.1.0.202410251130/tools/bin/../lib/gcc/arm-none-eabi/12.3.1/../../../../arm-none-eabi/lib/thumb/v7e-m+fp/hard\libc_nano.a(libc_a-findfp.o)
                              C:/ST/STM32CubeIDE_1.17.0/STM32CubeIDE/plugins/com.st.stm32cube.ide.mcu.externaltools.gnu-tools-for-stm32.12.3.rel1.win32_1.1.0.202410251130/tools/bin/../lib/gcc/arm-none-eabi/12.3.1/../../../../arm-none-eabi/lib/thumb/v7e-m+fp/hard\libc_nano.a(libc_a-exit.o) (__stdio_exit_handler)
C:/ST/STM32CubeIDE_1.17.0/STM32CubeIDE/plugins/com.st.stm32cube.ide.mcu.externaltools.gnu-tools-for-stm32.12.3.rel1.win32_1.1.0.202410251130/tools/bin/../lib/gcc/arm-none-eabi/12.3.1/../../../../arm-none-eabi/lib/thumb/v7e-m+fp/hard\libc_nano.a(libc_a-fwalk.o)
                              C:/ST/STM32CubeIDE_1.17.0/STM32CubeIDE/plugins/com.st.stm32cube.ide.mcu.externaltools.gnu-tools-for-stm32.12.3.rel1.win32_1.1.0.202410251130/tools/bin/../lib/gcc/arm-none-eabi/12.3.1/../../../../arm-none-eabi/lib/thumb/v7e-m+fp/hard\libc_nano.a(libc_a-findfp.o) (_fwalk_sglue)
C:/ST/STM32CubeIDE_1.17.0/STM32CubeIDE/plugins/com.st.stm32cube.ide.mcu.externaltools.gnu-tools-for-stm32.12.3.rel1.win32_1.1.0.202410251130/tools/bin/../lib/gcc/arm-none-eabi/12.3.1/../../../../arm-none-eabi/lib/thumb/v7e-m+fp/hard\libc_nano.a(libc_a-stdio.o)
                              C:/ST/STM32CubeIDE_1.17.0/STM32CubeIDE/plugins/com.st.stm32cube.ide.mcu.externaltools.gnu-tools-for-stm32.12.3.rel1.win32_1.1.0.202410251130/tools/bin/../lib/gcc/arm-none-eabi/12.3.1/../../../../arm-none-eabi/lib/thumb/v7e-m+fp/hard\libc_nano.a(libc_a-findfp.o) (__sread)
C:/ST/STM32CubeIDE_1.17.0/STM32CubeIDE/plugins/com.st.stm32cube.ide.mcu.externaltools.gnu-tools-for-stm32.12.3.rel1.win32_1.1.0.202410251130/tools/bin/../lib/gcc/arm-none-eabi/12.3.1/../../../../arm-none-eabi/lib/thumb/v7e-m+fp/hard\libc_nano.a(libc_a-memset.o)
                              C:/ST/STM32CubeIDE_1.17.0/STM32CubeIDE/plugins/com.st.stm32cube.ide.mcu.externaltools.gnu-tools-for-stm32.12.3.rel1.win32_1.1.0.202410251130/tools/bin/../lib/gcc/arm-none-eabi/12.3.1/../../../../arm-none-eabi/lib/thumb/v7e-m+fp/hard/crt0.o (memset)
C:/ST/STM32CubeIDE_1.17.0/STM32CubeIDE/plugins/com.st.stm32cube.ide.mcu.externaltools.gnu-tools-for-stm32.12.3.rel1.win32_1.1.0.202410251130/tools/bin/../lib/gcc/arm-none-eabi/12.3.1/../../../../arm-none-eabi/lib/thumb/v7e-m+fp/hard\libc_nano.a(libc_a-closer.o)
                              C:/ST/STM32CubeIDE_1.17.0/STM32CubeIDE/plugins/com.st.stm32cube.ide.mcu.externaltools.gnu-tools-for-stm32.12.3.rel1.win32_1.1.0.202410251130/tools/bin/../lib/gcc/arm-none-eabi/12.3.1/../../../../arm-none-eabi/lib/thumb/v7e-m+fp/hard\libc_nano.a(libc_a-stdio.o) (_close_r)
C:/ST/STM32CubeIDE_1.17.0/STM32CubeIDE/plugins/com.st.stm32cube.ide.mcu.externaltools.gnu-tools-for-stm32.12.3.rel1.win32_1.1.0.202410251130/tools/bin/../lib/gcc/arm-none-eabi/12.3.1/../../../../arm-none-eabi/lib/thumb/v7e-m+fp/hard\libc_nano.a(libc_a-reent.o)
                              C:/ST/STM32CubeIDE_1.17.0/STM32CubeIDE/plugins/com.st.stm32cube.ide.mcu.externaltools.gnu-tools-for-stm32.12.3.rel1.win32_1.1.0.202410251130/tools/bin/../lib/gcc/arm-none-eabi/12.3.1/../../../../arm-none-eabi/lib/thumb/v7e-m+fp/hard\libc_nano.a(libc_a-closer.o) (errno)
C:/ST/STM32CubeIDE_1.17.0/STM32CubeIDE/plugins/com.st.stm32cube.ide.mcu.externaltools.gnu-tools-for-stm32.12.3.rel1.win32_1.1.0.202410251130/tools/bin/../lib/gcc/arm-none-eabi/12.3.1/../../../../arm-none-eabi/lib/thumb/v7e-m+fp/hard\libc_nano.a(libc_a-impure.o)
                              C:/ST/STM32CubeIDE_1.17.0/STM32CubeIDE/plugins/com.st.stm32cube.ide.mcu.externaltools.gnu-tools-for-stm32.12.3.rel1.win32_1.1.0.202410251130/tools/bin/../lib/gcc/arm-none-eabi/12.3.1/../../../../arm-none-eabi/lib/thumb/v7e-m+fp/hard\libc_nano.a(libc_a-reent.o) (_impure_ptr)
C:/ST/STM32CubeIDE_1.17.0/STM32CubeIDE/plugins/com.st.stm32cube.ide.mcu.externaltools.gnu-tools-for-stm32.12.3.rel1.win32_1.1.0.202410251130/tools/bin/../lib/gcc/arm-none-eabi/12.3.1/../../../../arm-none-eabi/lib/thumb/v7e-m+fp/hard\libc_nano.a(libc_a-lseekr.o)
[...]
Memory Configuration

Name             Origin             Length             Attributes
CCMRAM           0x10000000         0x00010000         xrw
RAM              0x20000000         0x00020000         xrw
FLASH            0x08000000         0x00100000         xr
*default*        0x00000000         0xffffffff

Linker script and memory map

LOAD C:/ST/STM32CubeIDE_1.17.0/STM32CubeIDE/plugins/com.st.stm32cube.ide.mcu.externaltools.gnu-tools-for-stm32.12.3.rel1.win32_1.1.0.202410251130/tools/bin/../lib/gcc/arm-none-eabi/12.3.1/thumb/v7e-m+fp/hard/crti.o
LOAD C:/ST/STM32CubeIDE_1.17.0/STM32CubeIDE/plugins/com.st.stm32cube.ide.mcu.externaltools.gnu-tools-for-stm32.12.3.rel1.win32_1.1.0.202410251130/tools/bin/../lib/gcc/arm-none-eabi/12.3.1/thumb/v7e-m+fp/hard/crtbegin.o
LOAD C:/ST/STM32CubeIDE_1.17.0/STM32CubeIDE/plugins/com.st.stm32cube.ide.mcu.externaltools.gnu-tools-for-stm32.12.3.rel1.win32_1.1.0.202410251130/tools/bin/../lib/gcc/arm-none-eabi/12.3.1/../../../../arm-none-eabi/lib/thumb/v7e-m+fp/hard/crt0.o
LOAD ./Core/Filters/AvarageFilter.o
LOAD ./Core/PeripheralPorts/I2C.o
LOAD ./Core/Sensors/BAR30.o
LOAD ./Core/Sensors/BAR30_CommPorter.o
LOAD ./Core/Sensors/MPU6050.o
LOAD ./Core/Sensors/MPU6050_CommPorter.o
LOAD ./Core/Sensors/MPU6050_Math.o
LOAD ./Core/Src/main.o
LOAD ./Core/Src/stm32f4xx_hal_msp.o
LOAD ./Core/Src/stm32f4xx_it.o
LOAD ./Core/Src/syscalls.o
LOAD ./Core/Src/sysmem.o
LOAD ./Core/Src/system_stm32f4xx.o
LOAD ./Core/Startup/startup_stm32f407vgtx.o
LOAD ./Drivers/STM32F4xx_HAL_Driver/Src/stm32f4xx_hal.o
LOAD ./Drivers/STM32F4xx_HAL_Driver/Src/stm32f4xx_hal_cortex.o
LOAD ./Drivers/STM32F4xx_HAL_Driver/Src/stm32f4xx_hal_dma.o
LOAD ./Drivers/STM32F4xx_HAL_Driver/Src/stm32f4xx_hal_dma_ex.o
LOAD ./Drivers/STM32F4xx_HAL_Driver/Src/stm32f4xx_hal_exti.o
LOAD ./Drivers/STM32F4xx_HAL_Driver/Src/stm32f4xx_hal_flash.o
LOAD ./Drivers/STM32F4xx_HAL_Driver/Src/stm32f4xx_hal_flash_ex.o
LOAD ./Drivers/STM32F4xx_HAL_Driver/Src/stm32f4xx_hal_flash_ramfunc.o
LOAD ./Drivers/STM32F4xx_HAL_Driver/Src/stm32f4xx_hal_gpio.o
LOAD ./Drivers/STM32F4xx_HAL_Driver/Src/stm32f4xx_hal_i2c.o
LOAD ./Drivers/STM32F4xx_HAL_Driver/Src/stm32f4xx_hal_i2c_ex.o
LOAD ./Drivers/STM32F4xx_HAL_Driver/Src/stm32f4xx_hal_pcd.o
LOAD ./Drivers/STM32F4xx_HAL_Driver/Src/stm32f4xx_hal_pcd_ex.o
LOAD ./Drivers/STM32F4xx_HAL_Driver/Src/stm32f4xx_hal_pwr.o
LOAD ./Drivers/STM32F4xx_HAL_Driver/Src/stm32f4xx_hal_pwr_ex.o
LOAD ./Drivers/STM32F4xx_HAL_Driver/Src/stm32f4xx_hal_rcc.o
LOAD ./Drivers/STM32F4xx_HAL_Driver/Src/stm32f4xx_hal_rcc_ex.o
LOAD ./Drivers/STM32F4xx_HAL_Driver/Src/stm32f4xx_ll_usb.o
LOAD ./Middlewares/ST/STM32_USB_Device_Library/Class/CDC/Src/usbd_cdc.o
LOAD ./Middlewares/ST/STM32_USB_Device_Library/Core/Src/usbd_core.o
LOAD ./Middlewares/ST/STM32_USB_Device_Library/Core/Src/usbd_ctlreq.o
LOAD ./Middlewares/ST/STM32_USB_Device_Library/Core/Src/usbd_ioreq.o
LOAD ./USB_DEVICE/App/usb_device.o
LOAD ./USB_DEVICE/App/usbd_cdc_if.o
LOAD ./USB_DEVICE/App/usbd_desc.o
LOAD ./USB_DEVICE/Target/usbd_conf.o
START GROUP
LOAD C:/ST/STM32CubeIDE_1.17.0/STM32CubeIDE/plugins/com.st.stm32cube.ide.mcu.externaltools.gnu-tools-for-stm32.12.3.rel1.win32_1.1.0.202410251130/tools/bin/../lib/gcc/arm-none-eabi/12.3.1/../../../../arm-none-eabi/lib/thumb/v7e-m+fp/hard\libc_nano.a
LOAD C:/ST/STM32CubeIDE_1.17.0/STM32CubeIDE/plugins/com.st.stm32cube.ide.mcu.externaltools.gnu-tools-for-stm32.12.3.rel1.win32_1.1.0.202410251130/tools/bin/../lib/gcc/arm-none-eabi/12.3.1/../../../../arm-none-eabi/lib/thumb/v7e-m+fp/hard\libm.a
END GROUP
START GROUP
LOAD C:/ST/STM32CubeIDE_1.17.0/STM32CubeIDE/plugins/com.st.stm32cube.ide.mcu.externaltools.gnu-tools-for-stm32.12.3.rel1.win32_1.1.0.202410251130/tools/bin/../lib/gcc/arm-none-eabi/12.3.1/thumb/v7e-m+fp/hard\libgcc.a
LOAD C:/ST/STM32CubeIDE_1.17.0/STM32CubeIDE/plugins/com.st.stm32cube.ide.mcu.externaltools.gnu-tools-for-stm32.12.3.rel1.win32_1.1.0.202410251130/tools/bin/../lib/gcc/arm-none-eabi/12.3.1/../../../../arm-none-eabi/lib/thumb/v7e-m+fp/hard\libc_nano.a
END GROUP
START GROUP
LOAD C:/ST/STM32CubeIDE_1.17.0/STM32CubeIDE/plugins/com.st.stm32cube.ide.mcu.externaltools.gnu-tools-for-stm32.12.3.rel1.win32_1.1.0.202410251130/tools/bin/../lib/gcc/arm-none-eabi/12.3.1/thumb/v7e-m+fp/hard\libgcc.a
LOAD C:/ST/STM32CubeIDE_1.17.0/STM32CubeIDE/plugins/com.st.stm32cube.ide.mcu.externaltools.gnu-tools-for-stm32.12.3.rel1.win32_1.1.0.202410251130/tools/bin/../lib/gcc/arm-none-eabi/12.3.1/../../../../arm-none-eabi/lib/thumb/v7e-m+fp/hard\libc_nano.a
LOAD C:/ST/STM32CubeIDE_1.17.0/STM32CubeIDE/plugins/com.st.stm32cube.ide.mcu.externaltools.gnu-tools-for-stm32.12.3.rel1.win32_1.1.0.202410251130/tools/bin/../lib/gcc/arm-none-eabi/12.3.1/../../../../arm-none-eabi/lib/thumb/v7e-m+fp/hard\libnosys.a
END GROUP
START GROUP
LOAD C:/ST/STM32CubeIDE_1.17.0/STM32CubeIDE/plugins/com.st.stm32cube.ide.mcu.externaltools.gnu-tools-for-stm32.12.3.rel1.win32_1.1.0.202410251130/tools/bin/../lib/gcc/arm-none-eabi/12.3.1/thumb/v7e-m+fp/hard\libgcc.a
LOAD C:/ST/STM32CubeIDE_1.17.0/STM32CubeIDE/plugins/com.st.stm32cube.ide.mcu.externaltools.gnu-tools-for-stm32.12.3.rel1.win32_1.1.0.202410251130/tools/bin/../lib/gcc/arm-none-eabi/12.3.1/../../../../arm-none-eabi/lib/thumb/v7e-m+fp/hard\libc_nano.a
LOAD C:/ST/STM32CubeIDE_1.17.0/STM32CubeIDE/plugins/com.st.stm32cube.ide.mcu.externaltools.gnu-tools-for-stm32.12.3.rel1.win32_1.1.0.202410251130/tools/bin/../lib/gcc/arm-none-eabi/12.3.1/../../../../arm-none-eabi/lib/thumb/v7e-m+fp/hard\libnosys.a
END GROUP
LOAD C:/ST/STM32CubeIDE_1.17.0/STM32CubeIDE/plugins/com.st.stm32cube.ide.mcu.externaltools.gnu-tools-for-stm32.12.3.rel1.win32_1.1.0.202410251130/tools/bin/../lib/gcc/arm-none-eabi/12.3.1/thumb/v7e-m+fp/hard/crtend.o
LOAD C:/ST/STM32CubeIDE_1.17.0/STM32CubeIDE/plugins/com.st.stm32cube.ide.mcu.externaltools.gnu-tools-for-stm32.12.3.rel1.win32_1.1.0.202410251130/tools/bin/../lib/gcc/arm-none-eabi/12.3.1/thumb/v7e-m+fp/hard/crtn.o
                0x20020000                        _estack = (ORIGIN (RAM) + LENGTH (RAM))
                0x00000200                        _Min_Heap_Size = 0x200
                0x00000400                        _Min_Stack_Size = 0x400

.isr_vector     0x08000000      0x188
                0x08000000                        . = ALIGN (0x4)
 *(.isr_vector)
 .isr_vector    0x08000000      0x188 ./Core/Startup/startup_stm32f407vgtx.o
                0x08000000                g_pfnVectors
                0x08000188                        . = ALIGN (0x4)

.text           0x08000188     0x81cc
                0x08000188                        . = ALIGN (0x4)
 *(.text)
 .text          0x08000188       0x40 C:/ST/STM32CubeIDE_1.17.0/STM32CubeIDE/plugins/com.st.stm32cube.ide.mcu.externaltools.gnu-tools-for-stm32.12.3.rel1.win32_1.1.0.202410251130/tools/bin/../lib/gcc/arm-none-eabi/12.3.1/thumb/v7e-m+fp/hard/crtbegin.o
 .text          0x080001c8       0x30 C:/ST/STM32CubeIDE_1.17.0/STM32CubeIDE/plugins/com.st.stm32cube.ide.mcu.externaltools.gnu-tools-for-stm32.12.3.rel1.win32_1.1.0.202410251130/tools/bin/../lib/gcc/arm-none-eabi/12.3.1/thumb/v7e-m+fp/hard\libgcc.a(_aeabi_uldivmod.o)
                0x080001c8                __aeabi_uldivmod
 .text          0x080001f8      0x2bc C:/ST/STM32CubeIDE_1.17.0/STM32CubeIDE/plugins/com.st.stm32cube.ide.mcu.externaltools.gnu-tools-for-stm32.12.3.rel1.win32_1.1.0.202410251130/tools/bin/../lib/gcc/arm-none-eabi/12.3.1/thumb/v7e-m+fp/hard\libgcc.a(_udivmoddi4.o)
                0x080001f8                __udivmoddi4
 .text          0x080004b4        0x4 C:/ST/STM32CubeIDE_1.17.0/STM32CubeIDE/plugins/com.st.stm32cube.ide.mcu.externaltools.gnu-tools-for-stm32.12.3.rel1.win32_1.1.0.202410251130/tools/bin/../lib/gcc/arm-none-eabi/12.3.1/thumb/v7e-m+fp/hard\libgcc.a(_dvmd_tls.o)
                0x080004b4                __aeabi_idiv0
                0x080004b4                __aeabi_ldiv0
 *(.text*)
 .text.I2C_Init
                0x080004b8       0x24 ./Core/PeripheralPorts/I2C.o
                0x080004b8                I2C_Init
 .text.I2C_ReadWrite_Poll
                0x080004dc       0xb6 ./Core/PeripheralPorts/I2C.o
                0x080004dc                I2C_ReadWrite_Poll
 *fill*         0x08000592        0x2 
 .text.I2C_GetModule
                0x08000594       0x44 ./Core/PeripheralPorts/I2C.o
                0x08000594                I2C_GetModule
 .text.BAR30_Calc_Crc
                0x080005d8       0xe0 ./Core/Sensors/BAR30.o
                0x080005d8                BAR30_Calc_Crc
 .text.BAR30_Init
                0x080006b8       0x2a ./Core/Sensors/BAR30.o
                0x080006b8                BAR30_Init
 .text.BAR30_Reset
                0x080006e2       0x1a ./Core/Sensors/BAR30.o
                0x080006e2                BAR30_Reset
 .text.BAR30_StartPressureConversion
                0x080006fc       0x1a ./Core/Sensors/BAR30.o
                0x080006fc                BAR30_StartPressureConversion
 .text.BAR30_ReadPressure
                0x08000716       0x3e ./Core/Sensors/BAR30.o
                0x08000716                BAR30_ReadPressure
 .text.BAR30_Get_AllPromData
                0x08000754      0x134 ./Core/Sensors/BAR30.o
                0x08000754                BAR30_Get_AllPromData
 .text.BAR30_Write
                0x08000888       0x2c ./Core/Sensors/BAR30.o
                0x08000888                BAR30_Write
 .text.BAR30_Read
                0x080008b4       0x2e ./Core/Sensors/BAR30.o
                0x080008b4                BAR30_Read
 .text.BAR30_ReadMeasData
                0x080008e2       0x2e ./Core/Sensors/BAR30.o
                0x080008e2                BAR30_ReadMeasData
 .text.BAR30_SendReceive
                0x08000910       0x3a ./Core/Sensors/BAR30.o
                0x08000910                BAR30_SendReceive
 .text.BAR30_CommPorter_SendReceive
                0x0800094a       0x36 ./Core/Sensors/BAR30_CommPorter.o
                0x0800094a                BAR30_CommPorter_SendReceive
 .text.main     0x08000980       0x54 ./Core/Src/main.o
                0x08000980                main
 .text.SystemClock_Config
                0x080009d4       0xd4 ./Core/Src/main.o
                0x080009d4                SystemClock_Config
 .text.MX_I2C3_Init
                0x08000aa8       0x64 ./Core/Src/main.o
 .text.MX_GPIO_Init
                0x08000b0c      0x164 ./Core/Src/main.o
 .text.HAL_GPIO_EXTI_Callback
                0x08000c70       0x20 ./Core/Src/main.o
                0x08000c70                HAL_GPIO_EXTI_Callback
 .text.Error_Handler
                0x08000c90        0xc ./Core/Src/main.o
                0x08000c90                Error_Handler
 .text.HAL_MspInit
                0x08000c9c       0x50 ./Core/Src/stm32f4xx_hal_msp.o
                0x08000c9c                HAL_MspInit
 .text.HAL_I2C_MspInit
                0x08000cec       0xd4 ./Core/Src/stm32f4xx_hal_msp.o
                0x08000cec                HAL_I2C_MspInit
 .text.NMI_Handler
                0x08000dc0        0x8 ./Core/Src/stm32f4xx_it.o
                0x08000dc0                NMI_Handler
 .text.HardFault_Handler
                0x08000dc8        0x8 ./Core/Src/stm32f4xx_it.o
                0x08000dc8                HardFault_Handler
 .text.MemManage_Handler
                0x08000dd0        0x8 ./Core/Src/stm32f4xx_it.o
                0x08000dd0                MemManage_Handler
 .text.BusFault_Handler
                0x08000dd8        0x8 ./Core/Src/stm32f4xx_it.o
                0x08000dd8                BusFault_Handler
 .text.UsageFault_Handler
                0x08000de0        0x8 ./Core/Src/stm32f4xx_it.o
                0x08000de0                UsageFault_Handler
 .text.SVC_Handler
                0x08000de8        0xe ./Core/Src/stm32f4xx_it.o
                0x08000de8                SVC_Handler
 .text.DebugMon_Handler
                0x08000df6        0xe ./Core/Src/stm32f4xx_it.o
                0x08000df6                DebugMon_Handler
 .text.PendSV_Handler
                0x08000e04        0xe ./Core/Src/stm32f4xx_it.o
                0x08000e04                PendSV_Handler
 .text.SysTick_Handler
                0x08000e12        0xc ./Core/Src/stm32f4xx_it.o
                0x08000e12                SysTick_Handler
 .text.EXTI9_5_IRQHandler
                0x08000e1e       0x10 ./Core/Src/stm32f4xx_it.o
                0x08000e1e                EXTI9_5_IRQHandler
 *fill*         0x08000e2e        0x2 
 .text.OTG_FS_IRQHandler
                0x08000e30       0x14 ./Core/Src/stm32f4xx_it.o
                0x08000e30                OTG_FS_IRQHandler
 .text.SystemInit
                0x08000e44       0x24 ./Core/Src/system_stm32f4xx.o
                0x08000e44                SystemInit
 .text.Reset_Handler
                0x08000e68       0x50 ./Core/Startup/startup_stm32f407vgtx.o
                0x08000e68                Reset_Handler
 .text.Default_Handler
                0x08000eb8        0x2 ./Core/Startup/startup_stm32f407vgtx.o
                0x08000eb8                RTC_Alarm_IRQHandler
                0x08000eb8                HASH_RNG_IRQHandler
                0x08000eb8                EXTI2_IRQHandler
                0x08000eb8                TIM8_CC_IRQHandler
                0x08000eb8                TIM1_CC_IRQHandler
                0x08000eb8                DMA2_Stream5_IRQHandler
                0x08000eb8                DMA1_Stream5_IRQHandler
                0x08000eb8                PVD_IRQHandler
                0x08000eb8                SDIO_IRQHandler
                0x08000eb8                TAMP_STAMP_IRQHandler
                0x08000eb8                CAN2_RX1_IRQHandler
                0x08000eb8                EXTI3_IRQHandler
                0x08000eb8                TIM8_TRG_COM_TIM14_IRQHandler
                0x08000eb8                TIM1_UP_TIM10_IRQHandler
                0x08000eb8                TIM8_UP_TIM13_IRQHandler
                0x08000eb8                I2C3_ER_IRQHandler
                0x08000eb8                EXTI0_IRQHandler
                0x08000eb8                I2C2_EV_IRQHandler
                0x08000eb8                DMA1_Stream2_IRQHandler
                0x08000eb8                CAN1_RX0_IRQHandler
                0x08000eb8                FPU_IRQHandler
                0x08000eb8                OTG_HS_WKUP_IRQHandler
                0x08000eb8                CAN2_SCE_IRQHandler
                0x08000eb8                DMA2_Stream2_IRQHandler
                0x08000eb8                SPI1_IRQHandler
                0x08000eb8                TIM6_DAC_IRQHandler
                0x08000eb8                TIM1_BRK_TIM9_IRQHandler
                0x08000eb8                DCMI_IRQHandler
                0x08000eb8                CAN2_RX0_IRQHandler
                0x08000eb8                DMA2_Stream3_IRQHandler
                0x08000eb8                USART6_IRQHandler
                0x08000eb8                USART3_IRQHandler
                0x08000eb8                CAN1_RX1_IRQHandler
                0x08000eb8                UART5_IRQHandler
                0x08000eb8                DMA2_Stream0_IRQHandler
                0x08000eb8                TIM4_IRQHandler
                0x08000eb8                I2C1_EV_IRQHandler
                0x08000eb8                DMA1_Stream6_IRQHandler
                0x08000eb8                DMA1_Stream1_IRQHandler
                0x08000eb8                UART4_IRQHandler
                0x08000eb8                TIM3_IRQHandler
                0x08000eb8                RCC_IRQHandler
                0x08000eb8                TIM8_BRK_TIM12_IRQHandler
                0x08000eb8                Default_Handler
                0x08000eb8                EXTI15_10_IRQHandler
                0x08000eb8                ADC_IRQHandler
                0x08000eb8                DMA1_Stream7_IRQHandler
                0x08000eb8                TIM7_IRQHandler
                0x08000eb8                CAN2_TX_IRQHandler
                0x08000eb8                TIM5_IRQHandler
                0x08000eb8                DMA2_Stream7_IRQHandler
                0x08000eb8                I2C3_EV_IRQHandler
                0x08000eb8                RTC_WKUP_IRQHandler
                0x08000eb8                ETH_WKUP_IRQHandler
                0x08000eb8                SPI2_IRQHandler
                0x08000eb8                OTG_HS_EP1_IN_IRQHandler
                0x08000eb8                DMA1_Stream0_IRQHandler
                0x08000eb8                CAN1_TX_IRQHandler
                0x08000eb8                EXTI4_IRQHandler
                0x08000eb8                FSMC_IRQHandler
                0x08000eb8                ETH_IRQHandler
                0x08000eb8                OTG_HS_EP1_OUT_IRQHandler
                0x08000eb8                WWDG_IRQHandler
                0x08000eb8                TIM2_IRQHandler
                0x08000eb8                OTG_FS_WKUP_IRQHandler
                0x08000eb8                TIM1_TRG_COM_TIM11_IRQHandler
                0x08000eb8                OTG_HS_IRQHandler
                0x08000eb8                EXTI1_IRQHandler
                0x08000eb8                USART2_IRQHandler
                0x08000eb8                I2C2_ER_IRQHandler
                0x08000eb8                DMA2_Stream1_IRQHandler
                0x08000eb8                CAN1_SCE_IRQHandler
                0x08000eb8                FLASH_IRQHandler
                0x08000eb8                DMA2_Stream4_IRQHandler
                0x08000eb8                USART1_IRQHandler
                0x08000eb8                SPI3_IRQHandler
                0x08000eb8                DMA1_Stream4_IRQHandler
                0x08000eb8                I2C1_ER_IRQHandler
                0x08000eb8                DMA2_Stream6_IRQHandler
                0x08000eb8                DMA1_Stream3_IRQHandler
 *fill*         0x08000eba        0x2 
 .text.HAL_Init
                0x08000ebc       0x44 ./Drivers/STM32F4xx_HAL_Driver/Src/stm32f4xx_hal.o
                0x08000ebc                HAL_Init
 .text.HAL_InitTick
                0x08000f00       0x60 ./Drivers/STM32F4xx_HAL_Driver/Src/stm32f4xx_hal.o
                0x08000f00                HAL_InitTick
 .text.HAL_IncTick
                0x08000f60       0x28 ./Drivers/STM32F4xx_HAL_Driver/Src/stm32f4xx_hal.o
                0x08000f60                HAL_IncTick
 .text.HAL_GetTick
                0x08000f88       0x18 ./Drivers/STM32F4xx_HAL_Driver/Src/stm32f4xx_hal.o
                0x08000f88                HAL_GetTick
 .text.HAL_Delay
                0x08000fa0       0x48 ./Drivers/STM32F4xx_HAL_Driver/Src/stm32f4xx_hal.o
                0x08000fa0                HAL_Delay
 .text.__NVIC_SetPriorityGrouping
                0x08000fe8       0x48 ./Drivers/STM32F4xx_HAL_Driver/Src/stm32f4xx_hal_cortex.o
 .text.__NVIC_GetPriorityGrouping
                0x08001030       0x1c ./Drivers/STM32F4xx_HAL_Driver/Src/stm32f4xx_hal_cortex.o
 .text.__NVIC_EnableIRQ
                0x0800104c       0x3c ./Drivers/STM32F4xx_HAL_Driver/Src/stm32f4xx_hal_cortex.o
 .text.__NVIC_SetPriority
                0x08001088       0x54 ./Drivers/STM32F4xx_HAL_Driver/Src/stm32f4xx_hal_cortex.o
 .text.NVIC_EncodePriority
                0x080010dc       0x66 ./Drivers/STM32F4xx_HAL_Driver/Src/stm32f4xx_hal_cortex.o
 *fill*         0x08001142        0x2 
 .text.SysTick_Config
                0x08001144       0x44 ./Drivers/STM32F4xx_HAL_Driver/Src/stm32f4xx_hal_cortex.o
 .text.HAL_NVIC_SetPriorityGrouping
                0x08001188       0x16 ./Drivers/STM32F4xx_HAL_Driver/Src/stm32f4xx_hal_cortex.o
                0x08001188                HAL_NVIC_SetPriorityGrouping
 .text.HAL_NVIC_SetPriority
                0x0800119e       0x38 ./Drivers/STM32F4xx_HAL_Driver/Src/stm32f4xx_hal_cortex.o
                0x0800119e                HAL_NVIC_SetPriority
 .text.HAL_NVIC_EnableIRQ
                0x080011d6       0x1c ./Drivers/STM32F4xx_HAL_Driver/Src/stm32f4xx_hal_cortex.o
                0x080011d6                HAL_NVIC_EnableIRQ
 .text.HAL_SYSTICK_Config
                0x080011f2       0x18 ./Drivers/STM32F4xx_HAL_Driver/Src/stm32f4xx_hal_cortex.o
                0x080011f2                HAL_SYSTICK_Config
 *fill*         0x0800120a        0x2 
 .text.HAL_GPIO_Init
                0x0800120c      0x338 ./Drivers/STM32F4xx_HAL_Driver/Src/stm32f4xx_hal_gpio.o
                0x0800120c                HAL_GPIO_Init
 .text.HAL_GPIO_WritePin
                0x08001544       0x32 ./Drivers/STM32F4xx_HAL_Driver/Src/stm32f4xx_hal_gpio.o
                0x08001544                HAL_GPIO_WritePin
 *fill*         0x08001576        0x2 
 .text.HAL_GPIO_EXTI_IRQHandler
                0x08001578       0x30 ./Drivers/STM32F4xx_HAL_Driver/Src/stm32f4xx_hal_gpio.o
                0x08001578                HAL_GPIO_EXTI_IRQHandler
 .text.HAL_I2C_Init
                0x080015a8      0x288 ./Drivers/STM32F4xx_HAL_Driver/Src/stm32f4xx_hal_i2c.o
                0x080015a8                HAL_I2C_Init
 .text.HAL_I2C_Master_Transmit
                0x08001830      0x1fc ./Drivers/STM32F4xx_HAL_Driver/Src/stm32f4xx_hal_i2c.o
                0x08001830                HAL_I2C_Master_Transmit
 .text.HAL_I2C_Master_Receive
                0x08001a2c      0x464 ./Drivers/STM32F4xx_HAL_Driver/Src/stm32f4xx_hal_i2c.o
                0x08001a2c                HAL_I2C_Master_Receive
 .text.I2C_MasterRequestWrite
                0x08001e90      0x104 ./Drivers/STM32F4xx_HAL_Driver/Src/stm32f4xx_hal_i2c.o
 .text.I2C_MasterRequestRead
                0x08001f94      0x19c ./Drivers/STM32F4xx_HAL_Driver/Src/stm32f4xx_hal_i2c.o
 .text.I2C_WaitOnFlagUntilTimeout
                0x08002130       0xf4 ./Drivers/STM32F4xx_HAL_Driver/Src/stm32f4xx_hal_i2c.o
 .text.I2C_WaitOnMasterAddressFlagUntilTimeout
                0x08002224      0x140 ./Drivers/STM32F4xx_HAL_Driver/Src/stm32f4xx_hal_i2c.o
 .text.I2C_WaitOnTXEFlagUntilTimeout
                0x08002364       0x90 ./Drivers/STM32F4xx_HAL_Driver/Src/stm32f4xx_hal_i2c.o
 .text.I2C_WaitOnBTFFlagUntilTimeout
                0x080023f4       0x90 ./Drivers/STM32F4xx_HAL_Driver/Src/stm32f4xx_hal_i2c.o
 .text.I2C_WaitOnRXNEFlagUntilTimeout
                0x08002484       0xba ./Drivers/STM32F4xx_HAL_Driver/Src/stm32f4xx_hal_i2c.o
 .text.I2C_IsAcknowledgeFailed
                0x0800253e       0x5e ./Drivers/STM32F4xx_HAL_Driver/Src/stm32f4xx_hal_i2c.o
 .text.HAL_PCD_Init
                0x0800259c      0x21e ./Drivers/STM32F4xx_HAL_Driver/Src/stm32f4xx_hal_pcd.o
                0x0800259c                HAL_PCD_Init
 .text.HAL_PCD_Start
                0x080027ba       0x6a ./Drivers/STM32F4xx_HAL_Driver/Src/stm32f4xx_hal_pcd.o
                0x080027ba                HAL_PCD_Start
 .text.HAL_PCD_IRQHandler
                0x08002824      0x942 ./Drivers/STM32F4xx_HAL_Driver/Src/stm32f4xx_hal_pcd.o
                0x08002824                HAL_PCD_IRQHandler
 .text.HAL_PCD_SetAddress
                0x08003166       0x48 ./Drivers/STM32F4xx_HAL_Driver/Src/stm32f4xx_hal_pcd.o
                0x08003166                HAL_PCD_SetAddress
 .text.HAL_PCD_EP_Open
                0x080031ae       0xd4 ./Drivers/STM32F4xx_HAL_Driver/Src/stm32f4xx_hal_pcd.o
                0x080031ae                HAL_PCD_EP_Open
 .text.HAL_PCD_EP_Close
                0x08003282       0x94 ./Drivers/STM32F4xx_HAL_Driver/Src/stm32f4xx_hal_pcd.o
                0x08003282                HAL_PCD_EP_Close
 .text.HAL_PCD_EP_Receive
                0x08003316       0x76 ./Drivers/STM32F4xx_HAL_Driver/Src/stm32f4xx_hal_pcd.o
                0x08003316                HAL_PCD_EP_Receive
 .text.HAL_PCD_EP_GetRxCount
                0x0800338c       0x30 ./Drivers/STM32F4xx_HAL_Driver/Src/stm32f4xx_hal_pcd.o
                0x0800338c                HAL_PCD_EP_GetRxCount
 .text.HAL_PCD_EP_Transmit
                0x080033bc       0x74 ./Drivers/STM32F4xx_HAL_Driver/Src/stm32f4xx_hal_pcd.o
                0x080033bc                HAL_PCD_EP_Transmit
 .text.HAL_PCD_EP_SetStall
                0x08003430       0xc6 ./Drivers/STM32F4xx_HAL_Driver/Src/stm32f4xx_hal_pcd.o
                0x08003430                HAL_PCD_EP_SetStall
 .text.HAL_PCD_EP_ClrStall
                0x080034f6       0xac ./Drivers/STM32F4xx_HAL_Driver/Src/stm32f4xx_hal_pcd.o
                0x080034f6                HAL_PCD_EP_ClrStall
 .text.HAL_PCD_EP_Abort
                0x080035a2       0x62 ./Drivers/STM32F4xx_HAL_Driver/Src/stm32f4xx_hal_pcd.o
                0x080035a2                HAL_PCD_EP_Abort
 .text.PCD_WriteEmptyTxFifo
                0x08003604      0x118 ./Drivers/STM32F4xx_HAL_Driver/Src/stm32f4xx_hal_pcd.o
 .text.PCD_EP_OutXfrComplete_int
                0x0800371c      0x1d0 ./Drivers/STM32F4xx_HAL_Driver/Src/stm32f4xx_hal_pcd.o
 .text.PCD_EP_OutSetupPacket_int
                0x080038ec       0x8c ./Drivers/STM32F4xx_HAL_Driver/Src/stm32f4xx_hal_pcd.o
 .text.HAL_PCDEx_SetTxFiFo
                0x08003978       0x8e ./Drivers/STM32F4xx_HAL_Driver/Src/stm32f4xx_hal_pcd_ex.o
                0x08003978                HAL_PCDEx_SetTxFiFo
 .text.HAL_PCDEx_SetRxFiFo
                0x08003a06       0x22 ./Drivers/STM32F4xx_HAL_Driver/Src/stm32f4xx_hal_pcd_ex.o
                0x08003a06                HAL_PCDEx_SetRxFiFo
 .text.HAL_PCDEx_LPM_Callback
                0x08003a28       0x18 ./Drivers/STM32F4xx_HAL_Driver/Src/stm32f4xx_hal_pcd_ex.o
                0x08003a28                HAL_PCDEx_LPM_Callback
 .text.HAL_RCC_OscConfig
                0x08003a40      0x4f0 ./Drivers/STM32F4xx_HAL_Driver/Src/stm32f4xx_hal_rcc.o
                0x08003a40                HAL_RCC_OscConfig
 .text.HAL_RCC_ClockConfig
                0x08003f30      0x1cc ./Drivers/STM32F4xx_HAL_Driver/Src/stm32f4xx_hal_rcc.o
                0x08003f30                HAL_RCC_ClockConfig
 .text.HAL_RCC_GetSysClockFreq
                0x080040fc      0x20c ./Drivers/STM32F4xx_HAL_Driver/Src/stm32f4xx_hal_rcc.o
                0x080040fc                HAL_RCC_GetSysClockFreq
 .text.HAL_RCC_GetHCLKFreq
                0x08004308       0x18 ./Drivers/STM32F4xx_HAL_Driver/Src/stm32f4xx_hal_rcc.o
                0x08004308                HAL_RCC_GetHCLKFreq
 .text.HAL_RCC_GetPCLK1Freq
                0x08004320       0x28 ./Drivers/STM32F4xx_HAL_Driver/Src/stm32f4xx_hal_rcc.o
                0x08004320                HAL_RCC_GetPCLK1Freq
 .text.USB_CoreInit
                0x08004348       0xc8 ./Drivers/STM32F4xx_HAL_Driver/Src/stm32f4xx_ll_usb.o
                0x08004348                USB_CoreInit
 .text.USB_SetTurnaroundTime
                0x08004410      0x144 ./Drivers/STM32F4xx_HAL_Driver/Src/stm32f4xx_ll_usb.o
                0x08004410                USB_SetTurnaroundTime
 .text.USB_EnableGlobalInt
                0x08004554       0x22 ./Drivers/STM32F4xx_HAL_Driver/Src/stm32f4xx_ll_usb.o
                0x08004554                USB_EnableGlobalInt
 .text.USB_DisableGlobalInt
                0x08004576       0x22 ./Drivers/STM32F4xx_HAL_Driver/Src/stm32f4xx_ll_usb.o
                0x08004576                USB_DisableGlobalInt
 .text.USB_SetCurrentMode
                0x08004598       0x98 ./Drivers/STM32F4xx_HAL_Driver/Src/stm32f4xx_ll_usb.o
                0x08004598                USB_SetCurrentMode
 .text.USB_DevInit
                0x08004630      0x2c8 ./Drivers/STM32F4xx_HAL_Driver/Src/stm32f4xx_ll_usb.o
                0x08004630                USB_DevInit
 .text.USB_FlushTxFifo
                0x080048f8       0x64 ./Drivers/STM32F4xx_HAL_Driver/Src/stm32f4xx_ll_usb.o
                0x080048f8                USB_FlushTxFifo
 .text.USB_FlushRxFifo
                0x0800495c       0x5c ./Drivers/STM32F4xx_HAL_Driver/Src/stm32f4xx_ll_usb.o
                0x0800495c                USB_FlushRxFifo
 .text.USB_SetDevSpeed
                0x080049b8       0x32 ./Drivers/STM32F4xx_HAL_Driver/Src/stm32f4xx_ll_usb.o
                0x080049b8                USB_SetDevSpeed
 .text.USB_GetDevSpeed
                0x080049ea       0x4a ./Drivers/STM32F4xx_HAL_Driver/Src/stm32f4xx_ll_usb.o
                0x080049ea                USB_GetDevSpeed
 .text.USB_ActivateEndpoint
                0x08004a34      0x10e ./Drivers/STM32F4xx_HAL_Driver/Src/stm32f4xx_ll_usb.o
                0x08004a34                USB_ActivateEndpoint
 *fill*         0x08004b42        0x2 
 .text.USB_DeactivateEndpoint
                0x08004b44      0x1b8 ./Drivers/STM32F4xx_HAL_Driver/Src/stm32f4xx_ll_usb.o
                0x08004b44                USB_DeactivateEndpoint
 .text.USB_EPStartXfer
                0x08004cfc      0x53c ./Drivers/STM32F4xx_HAL_Driver/Src/stm32f4xx_ll_usb.o
                0x08004cfc                USB_EPStartXfer
 .text.USB_EPStopXfer
                0x08005238      0x154 ./Drivers/STM32F4xx_HAL_Driver/Src/stm32f4xx_ll_usb.o
                0x08005238                USB_EPStopXfer
 .text.USB_WritePacket
                0x0800538c       0x7c ./Drivers/STM32F4xx_HAL_Driver/Src/stm32f4xx_ll_usb.o
                0x0800538c                USB_WritePacket
 .text.USB_ReadPacket
                0x08005408       0xb0 ./Drivers/STM32F4xx_HAL_Driver/Src/stm32f4xx_ll_usb.o
                0x08005408                USB_ReadPacket
 .text.USB_EPSetStall
                0x080054b8       0xdc ./Drivers/STM32F4xx_HAL_Driver/Src/stm32f4xx_ll_usb.o
                0x080054b8                USB_EPSetStall
 .text.USB_EPClearStall
                0x08005594       0xcc ./Drivers/STM32F4xx_HAL_Driver/Src/stm32f4xx_ll_usb.o
                0x08005594                USB_EPClearStall
 .text.USB_SetDevAddress
                0x08005660       0x4c ./Drivers/STM32F4xx_HAL_Driver/Src/stm32f4xx_ll_usb.o
                0x08005660                USB_SetDevAddress
 .text.USB_DevConnect
                0x080056ac       0x42 ./Drivers/STM32F4xx_HAL_Driver/Src/stm32f4xx_ll_usb.o
                0x080056ac                USB_DevConnect
 .text.USB_DevDisconnect
                0x080056ee       0x42 ./Drivers/STM32F4xx_HAL_Driver/Src/stm32f4xx_ll_usb.o
                0x080056ee                USB_DevDisconnect
 .text.USB_ReadInterrupts
                0x08005730       0x26 ./Drivers/STM32F4xx_HAL_Driver/Src/stm32f4xx_ll_usb.o
                0x08005730                USB_ReadInterrupts
 .text.USB_ReadDevAllOutEpInterrupt
                0x08005756       0x34 ./Drivers/STM32F4xx_HAL_Driver/Src/stm32f4xx_ll_usb.o
                0x08005756                USB_ReadDevAllOutEpInterrupt
 .text.USB_ReadDevAllInEpInterrupt
                0x0800578a       0x34 ./Drivers/STM32F4xx_HAL_Driver/Src/stm32f4xx_ll_usb.o
                0x0800578a                USB_ReadDevAllInEpInterrupt
 .text.USB_ReadDevOutEPInterrupt
                0x080057be       0x3c ./Drivers/STM32F4xx_HAL_Driver/Src/stm32f4xx_ll_usb.o
                0x080057be                USB_ReadDevOutEPInterrupt
 .text.USB_ReadDevInEPInterrupt
                0x080057fa       0x5c ./Drivers/STM32F4xx_HAL_Driver/Src/stm32f4xx_ll_usb.o
                0x080057fa                USB_ReadDevInEPInterrupt
 .text.USB_GetMode
                0x08005856       0x1c ./Drivers/STM32F4xx_HAL_Driver/Src/stm32f4xx_ll_usb.o
                0x08005856                USB_GetMode
 .text.USB_ActivateSetup
                0x08005872       0x46 ./Drivers/STM32F4xx_HAL_Driver/Src/stm32f4xx_ll_usb.o
                0x08005872                USB_ActivateSetup
 .text.USB_EP0_OutStart
                0x080058b8       0xbc ./Drivers/STM32F4xx_HAL_Driver/Src/stm32f4xx_ll_usb.o
                0x080058b8                USB_EP0_OutStart
 .text.USB_CoreReset
                0x08005974       0x62 ./Drivers/STM32F4xx_HAL_Driver/Src/stm32f4xx_ll_usb.o
 *fill*         0x080059d6        0x2 
 .text.USBD_CDC_Init
                0x080059d8      0x1f0 ./Middlewares/ST/STM32_USB_Device_Library/Class/CDC/Src/usbd_cdc.o
 .text.USBD_CDC_DeInit
                0x08005bc8      0x104 ./Middlewares/ST/STM32_USB_Device_Library/Class/CDC/Src/usbd_cdc.o
 .text.USBD_CDC_Setup
                0x08005ccc      0x1b8 ./Middlewares/ST/STM32_USB_Device_Library/Class/CDC/Src/usbd_cdc.o
 .text.USBD_CDC_DataIn
                0x08005e84       0xfe ./Middlewares/ST/STM32_USB_Device_Library/Class/CDC/Src/usbd_cdc.o
 .text.USBD_CDC_DataOut
                0x08005f82       0x70 ./Middlewares/ST/STM32_USB_Device_Library/Class/CDC/Src/usbd_cdc.o
 .text.USBD_CDC_EP0_RxReady
                0x08005ff2       0x74 ./Middlewares/ST/STM32_USB_Device_Library/Class/CDC/Src/usbd_cdc.o
 *fill*         0x08006066        0x2 
 .text.USBD_CDC_GetFSCfgDesc
                0x08006068       0x70 ./Middlewares/ST/STM32_USB_Device_Library/Class/CDC/Src/usbd_cdc.o
 .text.USBD_CDC_GetHSCfgDesc
                0x080060d8       0x70 ./Middlewares/ST/STM32_USB_Device_Library/Class/CDC/Src/usbd_cdc.o
 .text.USBD_CDC_GetOtherSpeedCfgDesc
                0x08006148       0x70 ./Middlewares/ST/STM32_USB_Device_Library/Class/CDC/Src/usbd_cdc.o
 .text.USBD_CDC_GetDeviceQualifierDescriptor
                0x080061b8       0x20 ./Middlewares/ST/STM32_USB_Device_Library/Class/CDC/Src/usbd_cdc.o
                0x080061b8                USBD_CDC_GetDeviceQualifierDescriptor
 .text.USBD_CDC_RegisterInterface
                0x080061d8       0x34 ./Middlewares/ST/STM32_USB_Device_Library/Class/CDC/Src/usbd_cdc.o
                0x080061d8                USBD_CDC_RegisterInterface
 .text.USBD_CDC_SetTxBuffer
                0x0800620c       0x44 ./Middlewares/ST/STM32_USB_Device_Library/Class/CDC/Src/usbd_cdc.o
                0x0800620c                USBD_CDC_SetTxBuffer
 .text.USBD_CDC_SetRxBuffer
                0x08006250       0x3a ./Middlewares/ST/STM32_USB_Device_Library/Class/CDC/Src/usbd_cdc.o
                0x08006250                USBD_CDC_SetRxBuffer
 *fill*         0x0800628a        0x2 
 .text.USBD_CDC_ReceivePacket
                0x0800628c       0x6c ./Middlewares/ST/STM32_USB_Device_Library/Class/CDC/Src/usbd_cdc.o
                0x0800628c                USBD_CDC_ReceivePacket
 .text.USBD_Init
                0x080062f8       0x60 ./Middlewares/ST/STM32_USB_Device_Library/Core/Src/usbd_core.o
                0x080062f8                USBD_Init
 .text.USBD_RegisterClass
                0x08006358       0x6c ./Middlewares/ST/STM32_USB_Device_Library/Core/Src/usbd_core.o
                0x08006358                USBD_RegisterClass
 .text.USBD_Start
                0x080063c4       0x18 ./Middlewares/ST/STM32_USB_Device_Library/Core/Src/usbd_core.o
                0x080063c4                USBD_Start
 .text.USBD_RunTestMode
                0x080063dc       0x16 ./Middlewares/ST/STM32_USB_Device_Library/Core/Src/usbd_core.o
                0x080063dc                USBD_RunTestMode
 .text.USBD_SetClassConfig
                0x080063f2       0x38 ./Middlewares/ST/STM32_USB_Device_Library/Core/Src/usbd_core.o
                0x080063f2                USBD_SetClassConfig
 .text.USBD_ClrClassConfig
                0x0800642a       0x34 ./Middlewares/ST/STM32_USB_Device_Library/Core/Src/usbd_core.o
                0x0800642a                USBD_ClrClassConfig
 .text.USBD_LL_SetupStage
                0x0800645e       0xaa ./Middlewares/ST/STM32_USB_Device_Library/Core/Src/usbd_core.o
                0x0800645e                USBD_LL_SetupStage
 .text.USBD_LL_DataOutStage
                0x08006508      0x166 ./Middlewares/ST/STM32_USB_Device_Library/Core/Src/usbd_core.o
                0x08006508                USBD_LL_DataOutStage
 .text.USBD_LL_DataInStage
                0x0800666e      0x164 ./Middlewares/ST/STM32_USB_Device_Library/Core/Src/usbd_core.o
                0x0800666e                USBD_LL_DataInStage
 .text.USBD_LL_Reset
                0x080067d2       0xa4 ./Middlewares/ST/STM32_USB_Device_Library/Core/Src/usbd_core.o
                0x080067d2                USBD_LL_Reset
 .text.USBD_LL_SetSpeed
                0x08006876       0x20 ./Middlewares/ST/STM32_USB_Device_Library/Core/Src/usbd_core.o
                0x08006876                USBD_LL_SetSpeed
 .text.USBD_LL_Suspend
                0x08006896       0x38 ./Middlewares/ST/STM32_USB_Device_Library/Core/Src/usbd_core.o
                0x08006896                USBD_LL_Suspend
 .text.USBD_LL_Resume
                0x080068ce       0x30 ./Middlewares/ST/STM32_USB_Device_Library/Core/Src/usbd_core.o
                0x080068ce                USBD_LL_Resume
 .text.USBD_LL_SOF
                0x080068fe       0x40 ./Middlewares/ST/STM32_USB_Device_Library/Core/Src/usbd_core.o
                0x080068fe                USBD_LL_SOF
 .text.USBD_LL_IsoINIncomplete
                0x0800693e       0x64 ./Middlewares/ST/STM32_USB_Device_Library/Core/Src/usbd_core.o
                0x0800693e                USBD_LL_IsoINIncomplete
 .text.USBD_LL_IsoOUTIncomplete
                0x080069a2       0x64 ./Middlewares/ST/STM32_USB_Device_Library/Core/Src/usbd_core.o
                0x080069a2                USBD_LL_IsoOUTIncomplete
 .text.USBD_LL_DevConnected
                0x08006a06       0x16 ./Middlewares/ST/STM32_USB_Device_Library/Core/Src/usbd_core.o
                0x08006a06                USBD_LL_DevConnected
 .text.USBD_LL_DevDisconnected
                0x08006a1c       0x46 ./Middlewares/ST/STM32_USB_Device_Library/Core/Src/usbd_core.o
                0x08006a1c                USBD_LL_DevDisconnected
 .text.USBD_CoreFindIF
                0x08006a62       0x1a ./Middlewares/ST/STM32_USB_Device_Library/Core/Src/usbd_core.o
                0x08006a62                USBD_CoreFindIF
 .text.USBD_CoreFindEP
                0x08006a7c       0x1a ./Middlewares/ST/STM32_USB_Device_Library/Core/Src/usbd_core.o
                0x08006a7c                USBD_CoreFindEP
 .text.USBD_GetEpDesc
                0x08006a96       0x70 ./Middlewares/ST/STM32_USB_Device_Library/Core/Src/usbd_core.o
                0x08006a96                USBD_GetEpDesc
 .text.USBD_GetNextDesc
                0x08006b06       0x38 ./Middlewares/ST/STM32_USB_Device_Library/Core/Src/usbd_core.o
                0x08006b06                USBD_GetNextDesc
 .text.SWAPBYTE
                0x08006b3e       0x3c ./Middlewares/ST/STM32_USB_Device_Library/Core/Src/usbd_ctlreq.o
 *fill*         0x08006b7a        0x2 
 .text.USBD_StdDevReq
                0x08006b7c       0xe4 ./Middlewares/ST/STM32_USB_Device_Library/Core/Src/usbd_ctlreq.o
                0x08006b7c                USBD_StdDevReq
 .text.USBD_StdItfReq
                0x08006c60       0xd8 ./Middlewares/ST/STM32_USB_Device_Library/Core/Src/usbd_ctlreq.o
                0x08006c60                USBD_StdItfReq
 .text.USBD_StdEPReq
                0x08006d38      0x33a ./Middlewares/ST/STM32_USB_Device_Library/Core/Src/usbd_ctlreq.o
                0x08006d38                USBD_StdEPReq
 *fill*         0x08007072        0x2 
 .text.USBD_GetDescriptor
                0x08007074      0x2d4 ./Middlewares/ST/STM32_USB_Device_Library/Core/Src/usbd_ctlreq.o
 .text.USBD_SetAddress
                0x08007348       0x88 ./Middlewares/ST/STM32_USB_Device_Library/Core/Src/usbd_ctlreq.o
 .text.USBD_SetConfig
                0x080073d0      0x154 ./Middlewares/ST/STM32_USB_Device_Library/Core/Src/usbd_ctlreq.o
 .text.USBD_GetConfig
                0x08007524       0x6c ./Middlewares/ST/STM32_USB_Device_Library/Core/Src/usbd_ctlreq.o
 .text.USBD_GetStatus
                0x08007590       0x68 ./Middlewares/ST/STM32_USB_Device_Library/Core/Src/usbd_ctlreq.o
 .text.USBD_SetFeature
                0x080075f8       0x52 ./Middlewares/ST/STM32_USB_Device_Library/Core/Src/usbd_ctlreq.o
 .text.USBD_ClrFeature
                0x0800764a       0x44 ./Middlewares/ST/STM32_USB_Device_Library/Core/Src/usbd_ctlreq.o
 .text.USBD_ParseSetupRequest
                0x0800768e       0x74 ./Middlewares/ST/STM32_USB_Device_Library/Core/Src/usbd_ctlreq.o
                0x0800768e                USBD_ParseSetupRequest
 .text.USBD_CtlError
                0x08007702       0x22 ./Middlewares/ST/STM32_USB_Device_Library/Core/Src/usbd_ctlreq.o
                0x08007702                USBD_CtlError
 .text.USBD_GetString
                0x08007724       0xa4 ./Middlewares/ST/STM32_USB_Device_Library/Core/Src/usbd_ctlreq.o
                0x08007724                USBD_GetString
 .text.USBD_GetLen
                0x080077c8       0x34 ./Middlewares/ST/STM32_USB_Device_Library/Core/Src/usbd_ctlreq.o
 .text.USBD_CtlSendData
                0x080077fc       0x36 ./Middlewares/ST/STM32_USB_Device_Library/Core/Src/usbd_ioreq.o
                0x080077fc                USBD_CtlSendData
 .text.USBD_CtlContinueSendData
                0x08007832       0x22 ./Middlewares/ST/STM32_USB_Device_Library/Core/Src/usbd_ioreq.o
                0x08007832                USBD_CtlContinueSendData
 .text.USBD_CtlPrepareRx
                0x08007854       0x3a ./Middlewares/ST/STM32_USB_Device_Library/Core/Src/usbd_ioreq.o
                0x08007854                USBD_CtlPrepareRx
 .text.USBD_CtlContinueRx
                0x0800788e       0x22 ./Middlewares/ST/STM32_USB_Device_Library/Core/Src/usbd_ioreq.o
                0x0800788e                USBD_CtlContinueRx
 .text.USBD_CtlSendStatus
                0x080078b0       0x26 ./Middlewares/ST/STM32_USB_Device_Library/Core/Src/usbd_ioreq.o
                0x080078b0                USBD_CtlSendStatus
 .text.USBD_CtlReceiveStatus
                0x080078d6       0x26 ./Middlewares/ST/STM32_USB_Device_Library/Core/Src/usbd_ioreq.o
                0x080078d6                USBD_CtlReceiveStatus
 .text.MX_USB_DEVICE_Init
                0x080078fc       0x60 ./USB_DEVICE/App/usb_device.o
                0x080078fc                MX_USB_DEVICE_Init
 .text.CDC_Init_FS
                0x0800795c       0x28 ./USB_DEVICE/App/usbd_cdc_if.o
 .text.CDC_DeInit_FS
                0x08007984       0x10 ./USB_DEVICE/App/usbd_cdc_if.o
 .text.CDC_Control_FS
                0x08007994       0xbc ./USB_DEVICE/App/usbd_cdc_if.o
 .text.CDC_Receive_FS
                0x08007a50       0x28 ./USB_DEVICE/App/usbd_cdc_if.o
 .text.CDC_TransmitCplt_FS
                0x08007a78       0x22 ./USB_DEVICE/App/usbd_cdc_if.o
 *fill*         0x08007a9a        0x2 
 .text.USBD_FS_DeviceDescriptor
                0x08007a9c       0x24 ./USB_DEVICE/App/usbd_desc.o
                0x08007a9c                USBD_FS_DeviceDescriptor
 .text.USBD_FS_LangIDStrDescriptor
                0x08007ac0       0x24 ./USB_DEVICE/App/usbd_desc.o
                0x08007ac0                USBD_FS_LangIDStrDescriptor
 .text.USBD_FS_ProductStrDescriptor
                0x08007ae4       0x3c ./USB_DEVICE/App/usbd_desc.o
                0x08007ae4                USBD_FS_ProductStrDescriptor
 .text.USBD_FS_ManufacturerStrDescriptor
                0x08007b20       0x28 ./USB_DEVICE/App/usbd_desc.o
                0x08007b20                USBD_FS_ManufacturerStrDescriptor
 .text.USBD_FS_SerialStrDescriptor
                0x08007b48       0x24 ./USB_DEVICE/App/usbd_desc.o
                0x08007b48                USBD_FS_SerialStrDescriptor
 .text.USBD_FS_ConfigStrDescriptor
                0x08007b6c       0x3c ./USB_DEVICE/App/usbd_desc.o
                0x08007b6c                USBD_FS_ConfigStrDescriptor
 .text.USBD_FS_InterfaceStrDescriptor
                0x08007ba8       0x3c ./USB_DEVICE/App/usbd_desc.o
                0x08007ba8                USBD_FS_InterfaceStrDescriptor
 .text.Get_SerialNum
                0x08007be4       0x58 ./USB_DEVICE/App/usbd_desc.o
 .text.IntToUnicode
                0x08007c3c       0x7e ./USB_DEVICE/App/usbd_desc.o
 *fill*         0x08007cba        0x2 
 .text.HAL_PCD_MspInit
                0x08007cbc       0xa8 ./USB_DEVICE/Target/usbd_conf.o
                0x08007cbc                HAL_PCD_MspInit
 .text.HAL_PCD_SetupStageCallback
                0x08007d64       0x24 ./USB_DEVICE/Target/usbd_conf.o
                0x08007d64                HAL_PCD_SetupStageCallback
 .text.HAL_PCD_DataOutStageCallback
                0x08007d88       0x36 ./USB_DEVICE/Target/usbd_conf.o
                0x08007d88                HAL_PCD_DataOutStageCallback
 .text.HAL_PCD_DataInStageCallback
                0x08007dbe       0x34 ./USB_DEVICE/Target/usbd_conf.o
                0x08007dbe                HAL_PCD_DataInStageCallback
 .text.HAL_PCD_SOFCallback
                0x08007df2       0x1c ./USB_DEVICE/Target/usbd_conf.o
                0x08007df2                HAL_PCD_SOFCallback
 .text.HAL_PCD_ResetCallback
                0x08007e0e       0x50 ./USB_DEVICE/Target/usbd_conf.o
                0x08007e0e                HAL_PCD_ResetCallback
 *fill*         0x08007e5e        0x2 
 .text.HAL_PCD_SuspendCallback
                0x08007e60       0x4c ./USB_DEVICE/Target/usbd_conf.o
                0x08007e60                HAL_PCD_SuspendCallback
 .text.HAL_PCD_ResumeCallback
                0x08007eac       0x1c ./USB_DEVICE/Target/usbd_conf.o
                0x08007eac                HAL_PCD_ResumeCallback
 .text.HAL_PCD_ISOOUTIncompleteCallback
                0x08007ec8       0x24 ./USB_DEVICE/Target/usbd_conf.o
                0x08007ec8                HAL_PCD_ISOOUTIncompleteCallback
 .text.HAL_PCD_ISOINIncompleteCallback
                0x08007eec       0x24 ./USB_DEVICE/Target/usbd_conf.o
                0x08007eec                HAL_PCD_ISOINIncompleteCallback
 .text.HAL_PCD_ConnectCallback
                0x08007f10       0x1c ./USB_DEVICE/Target/usbd_conf.o
                0x08007f10                HAL_PCD_ConnectCallback
 .text.HAL_PCD_DisconnectCallback
                0x08007f2c       0x1c ./USB_DEVICE/Target/usbd_conf.o
                0x08007f2c                HAL_PCD_DisconnectCallback
 .text.USBD_LL_Init
                0x08007f48       0x98 ./USB_DEVICE/Target/usbd_conf.o
                0x08007f48                USBD_LL_Init
 .text.USBD_LL_Start
                0x08007fe0       0x36 ./USB_DEVICE/Target/usbd_conf.o
                0x08007fe0                USBD_LL_Start
 .text.USBD_LL_OpenEP
                0x08008016       0x4c ./USB_DEVICE/Target/usbd_conf.o
                0x08008016                USBD_LL_OpenEP
 .text.USBD_LL_CloseEP
                0x08008062       0x3e ./USB_DEVICE/Target/usbd_conf.o
                0x08008062                USBD_LL_CloseEP
 .text.USBD_LL_StallEP
                0x080080a0       0x3e ./USB_DEVICE/Target/usbd_conf.o
                0x080080a0                USBD_LL_StallEP
 .text.USBD_LL_ClearStallEP
                0x080080de       0x3e ./USB_DEVICE/Target/usbd_conf.o
                0x080080de                USBD_LL_ClearStallEP
 .text.USBD_LL_IsStallEP
                0x0800811c       0x58 ./USB_DEVICE/Target/usbd_conf.o
                0x0800811c                USBD_LL_IsStallEP
 .text.USBD_LL_SetUSBAddress
                0x08008174       0x3e ./USB_DEVICE/Target/usbd_conf.o
                0x08008174                USBD_LL_SetUSBAddress
 .text.USBD_LL_Transmit
                0x080081b2       0x42 ./USB_DEVICE/Target/usbd_conf.o
                0x080081b2                USBD_LL_Transmit
 .text.USBD_LL_PrepareReceive
                0x080081f4       0x42 ./USB_DEVICE/Target/usbd_conf.o
                0x080081f4                USBD_LL_PrepareReceive
 .text.USBD_LL_GetRxDataSize
                0x08008236       0x26 ./USB_DEVICE/Target/usbd_conf.o
                0x08008236                USBD_LL_GetRxDataSize
 .text.USBD_static_malloc
                0x0800825c       0x1c ./USB_DEVICE/Target/usbd_conf.o
                0x0800825c                USBD_static_malloc
 .text.USBD_static_free
                0x08008278       0x14 ./USB_DEVICE/Target/usbd_conf.o
                0x08008278                USBD_static_free
 .text.USBD_Get_USB_Status
                0x0800828c       0x58 ./USB_DEVICE/Target/usbd_conf.o
                0x0800828c                USBD_Get_USB_Status
 .text.memset   0x080082e4       0x10 C:/ST/STM32CubeIDE_1.17.0/STM32CubeIDE/plugins/com.st.stm32cube.ide.mcu.externaltools.gnu-tools-for-stm32.12.3.rel1.win32_1.1.0.202410251130/tools/bin/../lib/gcc/arm-none-eabi/12.3.1/../../../../arm-none-eabi/lib/thumb/v7e-m+fp/hard\libc_nano.a(libc_a-memset.o)
                0x080082e4                memset
 .text.__libc_init_array
                0x080082f4       0x48 C:/ST/STM32CubeIDE_1.17.0/STM32CubeIDE/plugins/com.st.stm32cube.ide.mcu.externaltools.gnu-tools-for-stm32.12.3.rel1.win32_1.1.0.202410251130/tools/bin/../lib/gcc/arm-none-eabi/12.3.1/../../../../arm-none-eabi/lib/thumb/v7e-m+fp/hard\libc_nano.a(libc_a-init.o)
                0x080082f4                __libc_init_array
 *(.glue_7)
 .glue_7        0x0800833c        0x0 linker stubs
 *(.glue_7t)
 .glue_7t       0x0800833c        0x0 linker stubs
 *(.eh_frame)
 .eh_frame      0x0800833c        0x0 C:/ST/STM32CubeIDE_1.17.0/STM32CubeIDE/plugins/com.st.stm32cube.ide.mcu.externaltools.gnu-tools-for-stm32.12.3.rel1.win32_1.1.0.202410251130/tools/bin/../lib/gcc/arm-none-eabi/12.3.1/thumb/v7e-m+fp/hard/crtbegin.o
 *(.init)
 .init          0x0800833c        0x4 C:/ST/STM32CubeIDE_1.17.0/STM32CubeIDE/plugins/com.st.stm32cube.ide.mcu.externaltools.gnu-tools-for-stm32.12.3.rel1.win32_1.1.0.202410251130/tools/bin/../lib/gcc/arm-none-eabi/12.3.1/thumb/v7e-m+fp/hard/crti.o
                0x0800833c                _init
 .init          0x08008340        0x8 C:/ST/STM32CubeIDE_1.17.0/STM32CubeIDE/plugins/com.st.stm32cube.ide.mcu.externaltools.gnu-tools-for-stm32.12.3.rel1.win32_1.1.0.202410251130/tools/bin/../lib/gcc/arm-none-eabi/12.3.1/thumb/v7e-m+fp/hard/crtn.o
 *(.fini)
 .fini          0x08008348        0x4 C:/ST/STM32CubeIDE_1.17.0/STM32CubeIDE/plugins/com.st.stm32cube.ide.mcu.externaltools.gnu-tools-for-stm32.12.3.rel1.win32_1.1.0.202410251130/tools/bin/../lib/gcc/arm-none-eabi/12.3.1/thumb/v7e-m+fp/hard/crti.o
                0x08008348                _fini
 .fini          0x0800834c        0x8 C:/ST/STM32CubeIDE_1.17.0/STM32CubeIDE/plugins/com.st.stm32cube.ide.mcu.externaltools.gnu-tools-for-stm32.12.3.rel1.win32_1.1.0.202410251130/tools/bin/../lib/gcc/arm-none-eabi/12.3.1/thumb/v7e-m+fp/hard/crtn.o
                0x08008354                        . = ALIGN (0x4)
                0x08008354                        _etext = .

.vfp11_veneer   0x08008354        0x0
 .vfp11_veneer  0x08008354        0x0 linker stubs

.v4_bx          0x08008354        0x0
 .v4_bx         0x08008354        0x0 linker stubs

.iplt           0x08008354        0x0
 .iplt          0x08008354        0x0 C:/ST/STM32CubeIDE_1.17.0/STM32CubeIDE/plugins/com.st.stm32cube.ide.mcu.externaltools.gnu-tools-for-stm32.12.3.rel1.win32_1.1.0.202410251130/tools/bin/../lib/gcc/arm-none-eabi/12.3.1/thumb/v7e-m+fp/hard/crtbegin.o

.rodata         0x08008354       0x70
                0x08008354                        . = ALIGN (0x4)
 *(.rodata)
 .rodata        0x08008354       0x46 ./USB_DEVICE/App/usbd_desc.o
 *(.rodata*)
 *fill*         0x0800839a        0x2 
 .rodata.BAR30_CRC_LU_Table
                0x0800839c       0x10 ./Core/Sensors/BAR30.o
                0x0800839c                BAR30_CRC_LU_Table
 .rodata.AHBPrescTable
                0x080083ac       0x10 ./Core/Src/system_stm32f4xx.o
                0x080083ac                AHBPrescTable
 .rodata.APBPrescTable
                0x080083bc        0x8 ./Core/Src/system_stm32f4xx.o
                0x080083bc                APBPrescTable
                0x080083c4                        . = ALIGN (0x4)

.ARM.extab      0x080083c4        0x0
                0x080083c4                        . = ALIGN (0x4)
 *(.ARM.extab* .gnu.linkonce.armextab.*)
                0x080083c4                        . = ALIGN (0x4)

.ARM            0x080083c4        0x8
                0x080083c4                        . = ALIGN (0x4)
                0x080083c4                        __exidx_start = .
 *(.ARM.exidx*)
 .ARM.exidx     0x080083c4        0x8 C:/ST/STM32CubeIDE_1.17.0/STM32CubeIDE/plugins/com.st.stm32cube.ide.mcu.externaltools.gnu-tools-for-stm32.12.3.rel1.win32_1.1.0.202410251130/tools/bin/../lib/gcc/arm-none-eabi/12.3.1/thumb/v7e-m+fp/hard\libgcc.a(_udivmoddi4.o)
                0x080083cc                        __exidx_end = .
                0x080083cc                        . = ALIGN (0x4)

.preinit_array  0x080083cc        0x0
                0x080083cc                        . = ALIGN (0x4)
                0x080083cc                        PROVIDE (__preinit_array_start = .)
 *(.preinit_array*)
                0x080083cc                        PROVIDE (__preinit_array_end = .)
                0x080083cc                        . = ALIGN (0x4)

.init_array     0x080083cc        0x4
                0x080083cc                        . = ALIGN (0x4)
                0x080083cc                        PROVIDE (__init_array_start = .)
 *(SORT_BY_NAME(.init_array.*))
 *(.init_array*)
 .init_array    0x080083cc        0x4 C:/ST/STM32CubeIDE_1.17.0/STM32CubeIDE/plugins/com.st.stm32cube.ide.mcu.externaltools.gnu-tools-for-stm32.12.3.rel1.win32_1.1.0.202410251130/tools/bin/../lib/gcc/arm-none-eabi/12.3.1/thumb/v7e-m+fp/hard/crtbegin.o
                0x080083d0                        PROVIDE (__init_array_end = .)
                0x080083d0                        . = ALIGN (0x4)

.fini_array     0x080083d0        0x4
                0x080083d0                        . = ALIGN (0x4)
                [!provide]                        PROVIDE (__fini_array_start = .)
 *(SORT_BY_NAME(.fini_array.*))
 *(.fini_array*)
 .fini_array    0x080083d0        0x4 C:/ST/STM32CubeIDE_1.17.0/STM32CubeIDE/plugins/com.st.stm32cube.ide.mcu.externaltools.gnu-tools-for-stm32.12.3.rel1.win32_1.1.0.202410251130/tools/bin/../lib/gcc/arm-none-eabi/12.3.1/thumb/v7e-m+fp/hard/crtbegin.o
                [!provide]                        PROVIDE (__fini_array_end = .)
                0x080083d4                        . = ALIGN (0x4)
                0x080083d4                        _sidata = LOADADDR (.data)

.rel.dyn        0x080083d4        0x0
 .rel.iplt      0x080083d4        0x0 C:/ST/STM32CubeIDE_1.17.0/STM32CubeIDE/plugins/com.st.stm32cube.ide.mcu.externaltools.gnu-tools-for-stm32.12.3.rel1.win32_1.1.0.202410251130/tools/bin/../lib/gcc/arm-none-eabi/12.3.1/thumb/v7e-m+fp/hard/crtbegin.o

.data           0x20000000       0xfc load address 0x080083d4
                0x20000000                        . = ALIGN (0x4)
                0x20000000                        _sdata = .
 *(.data)
 *(.data*)
 .data.SystemCoreClock
                0x20000000        0x4 ./Core/Src/system_stm32f4xx.o
                0x20000000                SystemCoreClock
 .data.uwTickPrio
                0x20000004        0x4 ./Drivers/STM32F4xx_HAL_Driver/Src/stm32f4xx_hal.o
                0x20000004                uwTickPrio
 .data.uwTickFreq
                0x20000008        0x1 ./Drivers/STM32F4xx_HAL_Driver/Src/stm32f4xx_hal.o
                0x20000008                uwTickFreq
 *fill*         0x20000009        0x3 
 .data.USBD_CDC_DeviceQualifierDesc
                0x2000000c        0xa ./Middlewares/ST/STM32_USB_Device_Library/Class/CDC/Src/usbd_cdc.o
 *fill*         0x20000016        0x2 
 .data.USBD_CDC
                0x20000018       0x38 ./Middlewares/ST/STM32_USB_Device_Library/Class/CDC/Src/usbd_cdc.o
                0x20000018                USBD_CDC
 .data.USBD_CDC_CfgDesc
                0x20000050       0x43 ./Middlewares/ST/STM32_USB_Device_Library/Class/CDC/Src/usbd_cdc.o
 .data.CDCInEpAdd
                0x20000093        0x1 ./Middlewares/ST/STM32_USB_Device_Library/Class/CDC/Src/usbd_cdc.o
 .data.CDCOutEpAdd
                0x20000094        0x1 ./Middlewares/ST/STM32_USB_Device_Library/Class/CDC/Src/usbd_cdc.o
 .data.CDCCmdEpAdd
                0x20000095        0x1 ./Middlewares/ST/STM32_USB_Device_Library/Class/CDC/Src/usbd_cdc.o
 *fill*         0x20000096        0x2 
 .data.USBD_Interface_fops_FS
                0x20000098       0x14 ./USB_DEVICE/App/usbd_cdc_if.o
                0x20000098                USBD_Interface_fops_FS
 .data.FS_Desc  0x200000ac       0x1c ./USB_DEVICE/App/usbd_desc.o
                0x200000ac                FS_Desc
 .data.USBD_FS_DeviceDesc
                0x200000c8       0x12 ./USB_DEVICE/App/usbd_desc.o
                0x200000c8                USBD_FS_DeviceDesc
 *fill*         0x200000da        0x2 
 .data.USBD_LangIDDesc
                0x200000dc        0x4 ./USB_DEVICE/App/usbd_desc.o
                0x200000dc                USBD_LangIDDesc
 .data.USBD_StringSerial
                0x200000e0       0x1a ./USB_DEVICE/App/usbd_desc.o
                0x200000e0                USBD_StringSerial
 *(.RamFunc)
 *(.RamFunc*)
                0x200000fc                        . = ALIGN (0x4)
 *fill*         0x200000fa        0x2 
                0x200000fc                        _edata = .
                0x080084d0                        _siccmram = LOADADDR (.ccmram)

.igot.plt       0x200000fc        0x0 load address 0x080084d0
 .igot.plt      0x200000fc        0x0 C:/ST/STM32CubeIDE_1.17.0/STM32CubeIDE/plugins/com.st.stm32cube.ide.mcu.externaltools.gnu-tools-for-stm32.12.3.rel1.win32_1.1.0.202410251130/tools/bin/../lib/gcc/arm-none-eabi/12.3.1/thumb/v7e-m+fp/hard/crtbegin.o

.ccmram         0x10000000        0x0 load address 0x080084d0
                0x10000000                        . = ALIGN (0x4)
                0x10000000                        _sccmram = .
 *(.ccmram)
 *(.ccmram*)
                0x10000000                        . = ALIGN (0x4)
                0x10000000                        _eccmram = .
                0x10000000                        . = ALIGN (0x4)

.bss            0x200000fc     0x1cb4
                0x200000fc                        _sbss = .
                0x200000fc                        __bss_start__ = _sbss
 *(.bss)
 .bss           0x200000fc       0x1c C:/ST/STM32CubeIDE_1.17.0/STM32CubeIDE/plugins/com.st.stm32cube.ide.mcu.externaltools.gnu-tools-for-stm32.12.3.rel1.win32_1.1.0.202410251130/tools/bin/../lib/gcc/arm-none-eabi/12.3.1/thumb/v7e-m+fp/hard/crtbegin.o
 *(.bss*)
 .bss.I2C_1     0x20000118        0x8 ./Core/PeripheralPorts/I2C.o
                0x20000118                I2C_1
 .bss.I2C_2     0x20000120        0x8 ./Core/PeripheralPorts/I2C.o
                0x20000120                I2C_2
 .bss.I2C_3     0x20000128        0x8 ./Core/PeripheralPorts/I2C.o
                0x20000128                I2C_3
 .bss.BAR30_1   0x20000130       0x18 ./Core/Sensors/BAR30.o
                0x20000130                BAR30_1
 .bss.MPU6050_1
                0x20000148       0x2a ./Core/Sensors/MPU6050.o
                0x20000148                MPU6050_1
 *fill*         0x20000172        0x2 
 .bss.hi2c3     0x20000174       0x54 ./Core/Src/main.o
                0x20000174                hi2c3
 .bss.uwTick    0x200001c8        0x4 ./Drivers/STM32F4xx_HAL_Driver/Src/stm32f4xx_hal.o
                0x200001c8                uwTick
 .bss.cfgidx.0  0x200001cc        0x1 ./Middlewares/ST/STM32_USB_Device_Library/Core/Src/usbd_ctlreq.o
 *fill*         0x200001cd        0x3 
 .bss.hUsbDeviceFS
                0x200001d0      0x2dc ./USB_DEVICE/App/usb_device.o
                0x200001d0                hUsbDeviceFS
 .bss.UserRxBufferFS
                0x200004ac      0x800 ./USB_DEVICE/App/usbd_cdc_if.o
                0x200004ac                UserRxBufferFS
 .bss.UserTxBufferFS
                0x20000cac      0x800 ./USB_DEVICE/App/usbd_cdc_if.o
                0x20000cac                UserTxBufferFS
 .bss.USBD_StrDesc
                0x200014ac      0x200 ./USB_DEVICE/App/usbd_desc.o
                0x200014ac                USBD_StrDesc
 .bss.hpcd_USB_OTG_FS
                0x200016ac      0x4e4 ./USB_DEVICE/Target/usbd_conf.o
                0x200016ac                hpcd_USB_OTG_FS
 .bss.mem.0     0x20001b90      0x220 ./USB_DEVICE/Target/usbd_conf.o
 *(COMMON)
                0x20001db0                        . = ALIGN (0x4)
                0x20001db0                        _ebss = .
                0x20001db0                        __bss_end__ = _ebss

._user_heap_stack
                0x20001db0      0x600
                0x20001db0                        . = ALIGN (0x8)
                [!provide]                        PROVIDE (end = .)
                0x20001db0                        PROVIDE (_end = .)
                0x20001fb0                        . = (. + _Min_Heap_Size)
 *fill*         0x20001db0      0x200 
                0x200023b0                        . = (. + _Min_Stack_Size)
 *fill*         0x20001fb0      0x400 
                0x200023b0                        . = ALIGN (0x8)

/DISCARD/
 libc.a(*)
 libm.a(*)
 libgcc.a(*)

.ARM.attributes
                0x00000000       0x30
 *(.ARM.attributes)
 .ARM.attributes
                0x00000000       0x22 C:/ST/STM32CubeIDE_1.17.0/STM32CubeIDE/plugins/com.st.stm32cube.ide.mcu.externaltools.gnu-tools-for-stm32.12.3.rel1.win32_1.1.0.202410251130/tools/bin/../lib/gcc/arm-none-eabi/12.3.1/thumb/v7e-m+fp/hard/crti.o
 .ARM.attributes
                0x00000022       0x34 C:/ST/STM32CubeIDE_1.17.0/STM32CubeIDE/plugins/com.st.stm32cube.ide.mcu.externaltools.gnu-tools-for-stm32.12.3.rel1.win32_1.1.0.202410251130/tools/bin/../lib/gcc/arm-none-eabi/12.3.1/thumb/v7e-m+fp/hard/crtbegin.o
 .ARM.attributes
                0x00000056       0x34 ./Core/PeripheralPorts/I2C.o
 .ARM.attributes
                0x0000008a       0x34 ./Core/Sensors/BAR30.o
 .ARM.attributes
                0x000000be       0x34 ./Core/Sensors/BAR30_CommPorter.o
 .ARM.attributes
                0x000000f2       0x34 ./Core/Sensors/MPU6050.o
 .ARM.attributes
                0x00000126       0x34 ./Core/Src/main.o
 .ARM.attributes
                0x0000015a       0x34 ./Core/Src/stm32f4xx_hal_msp.o
 .ARM.attributes
                0x0000018e       0x34 ./Core/Src/stm32f4xx_it.o
 .ARM.attributes
                0x000001c2       0x34 ./Core/Src/system_stm32f4xx.o
 .ARM.attributes
                0x000001f6       0x21 ./Core/Startup/startup_stm32f407vgtx.o
 .ARM.attributes
                0x00000217       0x34 ./Drivers/STM32F4xx_HAL_Driver/Src/stm32f4xx_hal.o
 .ARM.attributes
                0x0000024b       0x34 ./Drivers/STM32F4xx_HAL_Driver/Src/stm32f4xx_hal_cortex.o
 .ARM.attributes
                0x0000027f       0x34 ./Drivers/STM32F4xx_HAL_Driver/Src/stm32f4xx_hal_gpio.o
 .ARM.attributes
                0x000002b3       0x34 ./Drivers/STM32F4xx_HAL_Driver/Src/stm32f4xx_hal_i2c.o
 .ARM.attributes
                0x000002e7       0x34 ./Drivers/STM32F4xx_HAL_Driver/Src/stm32f4xx_hal_pcd.o
 .ARM.attributes
                0x0000031b       0x34 ./Drivers/STM32F4xx_HAL_Driver/Src/stm32f4xx_hal_pcd_ex.o
 .ARM.attributes
                0x0000034f       0x34 ./Drivers/STM32F4xx_HAL_Driver/Src/stm32f4xx_hal_rcc.o
 .ARM.attributes
                0x00000383       0x34 ./Drivers/STM32F4xx_HAL_Driver/Src/stm32f4xx_ll_usb.o
 .ARM.attributes
                0x000003b7       0x34 ./Middlewares/ST/STM32_USB_Device_Library/Class/CDC/Src/usbd_cdc.o
 .ARM.attributes
                0x000003eb       0x34 ./Middlewares/ST/STM32_USB_Device_Library/Core/Src/usbd_core.o
 .ARM.attributes
                0x0000041f       0x34 ./Middlewares/ST/STM32_USB_Device_Library/Core/Src/usbd_ctlreq.o
 .ARM.attributes
                0x00000453       0x34 ./Middlewares/ST/STM32_USB_Device_Library/Core/Src/usbd_ioreq.o
 .ARM.attributes
                0x00000487       0x34 ./USB_DEVICE/App/usb_device.o
 .ARM.attributes
                0x000004bb       0x34 ./USB_DEVICE/App/usbd_cdc_if.o
 .ARM.attributes
                0x000004ef       0x34 ./USB_DEVICE/App/usbd_desc.o
 .ARM.attributes
                0x00000523       0x34 ./USB_DEVICE/Target/usbd_conf.o
 .ARM.attributes
                0x00000557       0x34 C:/ST/STM32CubeIDE_1.17.0/STM32CubeIDE/plugins/com.st.stm32cube.ide.mcu.externaltools.gnu-tools-for-stm32.12.3.rel1.win32_1.1.0.202410251130/tools/bin/../lib/gcc/arm-none-eabi/12.3.1/../../../../arm-none-eabi/lib/thumb/v7e-m+fp/hard\libc_nano.a(libc_a-memset.o)
 .ARM.attributes
                0x0000058b       0x34 C:/ST/STM32CubeIDE_1.17.0/STM32CubeIDE/plugins/com.st.stm32cube.ide.mcu.externaltools.gnu-tools-for-stm32.12.3.rel1.win32_1.1.0.202410251130/tools/bin/../lib/gcc/arm-none-eabi/12.3.1/../../../../arm-none-eabi/lib/thumb/v7e-m+fp/hard\libc_nano.a(libc_a-init.o)
 .ARM.attributes
                0x000005bf       0x22 C:/ST/STM32CubeIDE_1.17.0/STM32CubeIDE/plugins/com.st.stm32cube.ide.mcu.externaltools.gnu-tools-for-stm32.12.3.rel1.win32_1.1.0.202410251130/tools/bin/../lib/gcc/arm-none-eabi/12.3.1/thumb/v7e-m+fp/hard\libgcc.a(_aeabi_uldivmod.o)
 .ARM.attributes
                0x000005e1       0x34 C:/ST/STM32CubeIDE_1.17.0/STM32CubeIDE/plugins/com.st.stm32cube.ide.mcu.externaltools.gnu-tools-for-stm32.12.3.rel1.win32_1.1.0.202410251130/tools/bin/../lib/gcc/arm-none-eabi/12.3.1/thumb/v7e-m+fp/hard\libgcc.a(_udivmoddi4.o)
 .ARM.attributes
                0x00000615       0x22 C:/ST/STM32CubeIDE_1.17.0/STM32CubeIDE/plugins/com.st.stm32cube.ide.mcu.externaltools.gnu-tools-for-stm32.12.3.rel1.win32_1.1.0.202410251130/tools/bin/../lib/gcc/arm-none-eabi/12.3.1/thumb/v7e-m+fp/hard\libgcc.a(_dvmd_tls.o)
 .ARM.attributes
                0x00000637       0x22 C:/ST/STM32CubeIDE_1.17.0/STM32CubeIDE/plugins/com.st.stm32cube.ide.mcu.externaltools.gnu-tools-for-stm32.12.3.rel1.win32_1.1.0.202410251130/tools/bin/../lib/gcc/arm-none-eabi/12.3.1/thumb/v7e-m+fp/hard/crtn.o
OUTPUT(BAR30-F407.elf elf32-littlearm)
LOAD linker stubs
LOAD C:/ST/STM32CubeIDE_1.17.0/STM32CubeIDE/plugins/com.st.stm32cube.ide.mcu.externaltools.gnu-tools-for-stm32.12.3.rel1.win32_1.1.0.202410251130/tools/bin/../lib/gcc/arm-none-eabi/12.3.1/../../../../arm-none-eabi/lib/thumb/v7e-m+fp/hard\libc.a
LOAD C:/ST/STM32CubeIDE_1.17.0/STM32CubeIDE/plugins/com.st.stm32cube.ide.mcu.externaltools.gnu-tools-for-stm32.12.3.rel1.win32_1.1.0.202410251130/tools/bin/../lib/gcc/arm-none-eabi/12.3.1/../../../../arm-none-eabi/lib/thumb/v7e-m+fp/hard\libm.a
LOAD C:/ST/STM32CubeIDE_1.17.0/STM32CubeIDE/plugins/com.st.stm32cube.ide.mcu.externaltools.gnu-tools-for-stm32.12.3.rel1.win32_1.1.0.202410251130/tools/bin/../lib/gcc/arm-none-eabi/12.3.1/thumb/v7e-m+fp/hard\libgcc.a

.debug_info     0x00000000    0x124d2
 .debug_info    0x00000000      0xa14 ./Core/PeripheralPorts/I2C.o
 .debug_info    0x00000a14      0x574 ./Core/Sensors/BAR30.o
 .debug_info    0x00000f88      0x14a ./Core/Sensors/BAR30_CommPorter.o
 .debug_info    0x000010d2      0x80d ./Core/Sensors/MPU6050.o
 .debug_info    0x000018df     0x132b ./Core/Src/main.o
 .debug_info    0x00002c0a      0x963 ./Core/Src/stm32f4xx_hal_msp.o
 .debug_info    0x0000356d      0x649 ./Core/Src/stm32f4xx_it.o
 .debug_info    0x00003bb6      0x512 ./Core/Src/system_stm32f4xx.o
 .debug_info    0x000040c8       0x30 ./Core/Startup/startup_stm32f407vgtx.o
 .debug_info    0x000040f8      0x944 ./Drivers/STM32F4xx_HAL_Driver/Src/stm32f4xx_hal.o
 .debug_info    0x00004a3c      0xd8c ./Drivers/STM32F4xx_HAL_Driver/Src/stm32f4xx_hal_cortex.o
 .debug_info    0x000057c8      0x6c3 ./Drivers/STM32F4xx_HAL_Driver/Src/stm32f4xx_hal_gpio.o
 .debug_info    0x00005e8b     0x2415 ./Drivers/STM32F4xx_HAL_Driver/Src/stm32f4xx_hal_i2c.o
 .debug_info    0x000082a0     0x156f ./Drivers/STM32F4xx_HAL_Driver/Src/stm32f4xx_hal_pcd.o
 .debug_info    0x0000980f      0x6ea ./Drivers/STM32F4xx_HAL_Driver/Src/stm32f4xx_hal_pcd_ex.o
 .debug_info    0x00009ef9      0x8af ./Drivers/STM32F4xx_HAL_Driver/Src/stm32f4xx_hal_rcc.o
 .debug_info    0x0000a7a8     0x1993 ./Drivers/STM32F4xx_HAL_Driver/Src/stm32f4xx_ll_usb.o
 .debug_info    0x0000c13b     0x12a3 ./Middlewares/ST/STM32_USB_Device_Library/Class/CDC/Src/usbd_cdc.o
 .debug_info    0x0000d3de      0xe05 ./Middlewares/ST/STM32_USB_Device_Library/Core/Src/usbd_core.o
 .debug_info    0x0000e1e3      0xade ./Middlewares/ST/STM32_USB_Device_Library/Core/Src/usbd_ctlreq.o
 .debug_info    0x0000ecc1      0x755 ./Middlewares/ST/STM32_USB_Device_Library/Core/Src/usbd_ioreq.o
 .debug_info    0x0000f416      0x701 ./USB_DEVICE/App/usb_device.o
 .debug_info    0x0000fb17      0x8fa ./USB_DEVICE/App/usbd_cdc_if.o
 .debug_info    0x00010411      0x458 ./USB_DEVICE/App/usbd_desc.o
 .debug_info    0x00010869     0x1c69 ./USB_DEVICE/Target/usbd_conf.o

.debug_abbrev   0x00000000     0x3375
 .debug_abbrev  0x00000000      0x202 ./Core/PeripheralPorts/I2C.o
 .debug_abbrev  0x00000202      0x19b ./Core/Sensors/BAR30.o
 .debug_abbrev  0x0000039d       0xac ./Core/Sensors/BAR30_CommPorter.o
 .debug_abbrev  0x00000449      0x163 ./Core/Sensors/MPU6050.o
 .debug_abbrev  0x000005ac      0x2c0 ./Core/Src/main.o
 .debug_abbrev  0x0000086c      0x1ba ./Core/Src/stm32f4xx_hal_msp.o
 .debug_abbrev  0x00000a26      0x1b9 ./Core/Src/stm32f4xx_it.o
 .debug_abbrev  0x00000bdf      0x11a ./Core/Src/system_stm32f4xx.o
 .debug_abbrev  0x00000cf9       0x24 ./Core/Startup/startup_stm32f407vgtx.o
 .debug_abbrev  0x00000d1d      0x214 ./Drivers/STM32F4xx_HAL_Driver/Src/stm32f4xx_hal.o
 .debug_abbrev  0x00000f31      0x31d ./Drivers/STM32F4xx_HAL_Driver/Src/stm32f4xx_hal_cortex.o
 .debug_abbrev  0x0000124e      0x1d4 ./Drivers/STM32F4xx_HAL_Driver/Src/stm32f4xx_hal_gpio.o
 .debug_abbrev  0x00001422      0x2ad ./Drivers/STM32F4xx_HAL_Driver/Src/stm32f4xx_hal_i2c.o
 .debug_abbrev  0x000016cf      0x2b9 ./Drivers/STM32F4xx_HAL_Driver/Src/stm32f4xx_hal_pcd.o
 .debug_abbrev  0x00001988      0x1da ./Drivers/STM32F4xx_HAL_Driver/Src/stm32f4xx_hal_pcd_ex.o
 .debug_abbrev  0x00001b62      0x2b7 ./Drivers/STM32F4xx_HAL_Driver/Src/stm32f4xx_hal_rcc.o
 .debug_abbrev  0x00001e19      0x2b3 ./Drivers/STM32F4xx_HAL_Driver/Src/stm32f4xx_ll_usb.o
 .debug_abbrev  0x000020cc      0x2d2 ./Middlewares/ST/STM32_USB_Device_Library/Class/CDC/Src/usbd_cdc.o
 .debug_abbrev  0x0000239e      0x27c ./Middlewares/ST/STM32_USB_Device_Library/Core/Src/usbd_core.o
 .debug_abbrev  0x0000261a      0x26f ./Middlewares/ST/STM32_USB_Device_Library/Core/Src/usbd_ctlreq.o
 .debug_abbrev  0x00002889      0x19a ./Middlewares/ST/STM32_USB_Device_Library/Core/Src/usbd_ioreq.o
 .debug_abbrev  0x00002a23      0x195 ./USB_DEVICE/App/usb_device.o
 .debug_abbrev  0x00002bb8      0x29d ./USB_DEVICE/App/usbd_cdc_if.o
 .debug_abbrev  0x00002e55      0x1e1 ./USB_DEVICE/App/usbd_desc.o
 .debug_abbrev  0x00003036      0x33f ./USB_DEVICE/Target/usbd_conf.o

.debug_aranges  0x00000000      0xfb8
 .debug_aranges
                0x00000000       0x58 ./Core/PeripheralPorts/I2C.o
 .debug_aranges
                0x00000058       0x68 ./Core/Sensors/BAR30.o
 .debug_aranges
                0x000000c0       0x20 ./Core/Sensors/BAR30_CommPorter.o
 .debug_aranges
                0x000000e0       0xb8 ./Core/Sensors/MPU6050.o
 .debug_aranges
                0x00000198       0x48 ./Core/Src/main.o
 .debug_aranges
                0x000001e0       0x30 ./Core/Src/stm32f4xx_hal_msp.o
 .debug_aranges
                0x00000210       0x70 ./Core/Src/stm32f4xx_it.o
 .debug_aranges
                0x00000280       0x28 ./Core/Src/system_stm32f4xx.o
 .debug_aranges
                0x000002a8       0x28 ./Core/Startup/startup_stm32f407vgtx.o
 .debug_aranges
                0x000002d0       0xf0 ./Drivers/STM32F4xx_HAL_Driver/Src/stm32f4xx_hal.o
 .debug_aranges
                0x000003c0      0x130 ./Drivers/STM32F4xx_HAL_Driver/Src/stm32f4xx_hal_cortex.o
 .debug_aranges
                0x000004f0       0x58 ./Drivers/STM32F4xx_HAL_Driver/Src/stm32f4xx_hal_gpio.o
 .debug_aranges
                0x00000548      0x2a8 ./Drivers/STM32F4xx_HAL_Driver/Src/stm32f4xx_hal_i2c.o
 .debug_aranges
                0x000007f0      0x148 ./Drivers/STM32F4xx_HAL_Driver/Src/stm32f4xx_hal_pcd.o
 .debug_aranges
                0x00000938       0x38 ./Drivers/STM32F4xx_HAL_Driver/Src/stm32f4xx_hal_pcd_ex.o
 .debug_aranges
                0x00000970       0x88 ./Drivers/STM32F4xx_HAL_Driver/Src/stm32f4xx_hal_rcc.o
 .debug_aranges
                0x000009f8      0x1a0 ./Drivers/STM32F4xx_HAL_Driver/Src/stm32f4xx_ll_usb.o
 .debug_aranges
                0x00000b98       0x90 ./Middlewares/ST/STM32_USB_Device_Library/Class/CDC/Src/usbd_cdc.o
 .debug_aranges
                0x00000c28       0xd8 ./Middlewares/ST/STM32_USB_Device_Library/Core/Src/usbd_core.o
 .debug_aranges
                0x00000d00       0x90 ./Middlewares/ST/STM32_USB_Device_Library/Core/Src/usbd_ctlreq.o
 .debug_aranges
                0x00000d90       0x50 ./Middlewares/ST/STM32_USB_Device_Library/Core/Src/usbd_ioreq.o
 .debug_aranges
                0x00000de0       0x20 ./USB_DEVICE/App/usb_device.o
 .debug_aranges
                0x00000e00       0x48 ./USB_DEVICE/App/usbd_cdc_if.o
 .debug_aranges
                0x00000e48       0x60 ./USB_DEVICE/App/usbd_desc.o
 .debug_aranges
                0x00000ea8      0x110 ./USB_DEVICE/Target/usbd_conf.o

.debug_rnglists
                0x00000000      0xbd5
 .debug_rnglists
                0x00000000       0x40 ./Core/PeripheralPorts/I2C.o
 .debug_rnglists
                0x00000040       0x4b ./Core/Sensors/BAR30.o
 .debug_rnglists
                0x0000008b       0x13 ./Core/Sensors/BAR30_CommPorter.o
 .debug_rnglists
                0x0000009e       0x88 ./Core/Sensors/MPU6050.o
 .debug_rnglists
                0x00000126       0x33 ./Core/Src/main.o
 .debug_rnglists
                0x00000159       0x20 ./Core/Src/stm32f4xx_hal_msp.o
 .debug_rnglists
                0x00000179       0x4f ./Core/Src/stm32f4xx_it.o
 .debug_rnglists
                0x000001c8       0x1a ./Core/Src/system_stm32f4xx.o
 .debug_rnglists
                0x000001e2       0x19 ./Core/Startup/startup_stm32f407vgtx.o
 .debug_rnglists
                0x000001fb       0xaf ./Drivers/STM32F4xx_HAL_Driver/Src/stm32f4xx_hal.o
 .debug_rnglists
                0x000002aa       0xe0 ./Drivers/STM32F4xx_HAL_Driver/Src/stm32f4xx_hal_cortex.o
 .debug_rnglists
                0x0000038a       0x3f ./Drivers/STM32F4xx_HAL_Driver/Src/stm32f4xx_hal_gpio.o
 .debug_rnglists
                0x000003c9      0x23c ./Drivers/STM32F4xx_HAL_Driver/Src/stm32f4xx_hal_i2c.o
 .debug_rnglists
                0x00000605       0xfa ./Drivers/STM32F4xx_HAL_Driver/Src/stm32f4xx_hal_pcd.o
 .debug_rnglists
                0x000006ff       0x26 ./Drivers/STM32F4xx_HAL_Driver/Src/stm32f4xx_hal_pcd_ex.o
 .debug_rnglists
                0x00000725       0x66 ./Drivers/STM32F4xx_HAL_Driver/Src/stm32f4xx_hal_rcc.o
 .debug_rnglists
                0x0000078b      0x147 ./Drivers/STM32F4xx_HAL_Driver/Src/stm32f4xx_ll_usb.o
 .debug_rnglists
                0x000008d2       0x6c ./Middlewares/ST/STM32_USB_Device_Library/Class/CDC/Src/usbd_cdc.o
 .debug_rnglists
                0x0000093e       0xa1 ./Middlewares/ST/STM32_USB_Device_Library/Core/Src/usbd_core.o
 .debug_rnglists
                0x000009df       0x6e ./Middlewares/ST/STM32_USB_Device_Library/Core/Src/usbd_ctlreq.o
 .debug_rnglists
                0x00000a4d       0x37 ./Middlewares/ST/STM32_USB_Device_Library/Core/Src/usbd_ioreq.o
 .debug_rnglists
                0x00000a84       0x13 ./USB_DEVICE/App/usb_device.o
 .debug_rnglists
                0x00000a97       0x32 ./USB_DEVICE/App/usbd_cdc_if.o
 .debug_rnglists
                0x00000ac9       0x43 ./USB_DEVICE/App/usbd_desc.o
 .debug_rnglists
                0x00000b0c       0xc9 ./USB_DEVICE/Target/usbd_conf.o

.debug_macro    0x00000000    0x2287c
 .debug_macro   0x00000000      0x20c ./Core/PeripheralPorts/I2C.o
 .debug_macro   0x0000020c       0x16 ./Core/PeripheralPorts/I2C.o
 .debug_macro   0x00000222      0x29b ./Core/PeripheralPorts/I2C.o
 .debug_macro   0x000004bd       0x2e ./Core/PeripheralPorts/I2C.o
 .debug_macro   0x000004eb       0x2f ./Core/PeripheralPorts/I2C.o
 .debug_macro   0x0000051a       0x1c ./Core/PeripheralPorts/I2C.o
 .debug_macro   0x00000536       0x22 ./Core/PeripheralPorts/I2C.o
 .debug_macro   0x00000558       0xfb ./Core/PeripheralPorts/I2C.o
 .debug_macro   0x00000653     0x1011 ./Core/PeripheralPorts/I2C.o
 .debug_macro   0x00001664      0x11f ./Core/PeripheralPorts/I2C.o
 .debug_macro   0x00001783    0x15e97 ./Core/PeripheralPorts/I2C.o
 .debug_macro   0x0001761a       0x6d ./Core/PeripheralPorts/I2C.o
 .debug_macro   0x00017687     0x369a ./Core/PeripheralPorts/I2C.o
 .debug_macro   0x0001ad21      0x189 ./Core/PeripheralPorts/I2C.o
 .debug_macro   0x0001aeaa       0x5c ./Core/PeripheralPorts/I2C.o
 .debug_macro   0x0001af06      0x980 ./Core/PeripheralPorts/I2C.o
 .debug_macro   0x0001b886      0x9e9 ./Core/PeripheralPorts/I2C.o
 .debug_macro   0x0001c26f      0x115 ./Core/PeripheralPorts/I2C.o
 .debug_macro   0x0001c384      0x13e ./Core/PeripheralPorts/I2C.o
 .debug_macro   0x0001c4c2       0xa5 ./Core/PeripheralPorts/I2C.o
 .debug_macro   0x0001c567      0x174 ./Core/PeripheralPorts/I2C.o
 .debug_macro   0x0001c6db      0x287 ./Core/PeripheralPorts/I2C.o
 .debug_macro   0x0001c962       0x5f ./Core/PeripheralPorts/I2C.o
 .debug_macro   0x0001c9c1      0x236 ./Core/PeripheralPorts/I2C.o
 .debug_macro   0x0001cbf7      0x12c ./Core/PeripheralPorts/I2C.o
 .debug_macro   0x0001cd23      0x21e ./Core/PeripheralPorts/I2C.o
 .debug_macro   0x0001cf41       0x2e ./Core/PeripheralPorts/I2C.o
 .debug_macro   0x0001cf6f      0x1b5 ./Core/PeripheralPorts/I2C.o
 .debug_macro   0x0001d124       0xd6 ./Core/PeripheralPorts/I2C.o
 .debug_macro   0x0001d1fa      0x127 ./Core/PeripheralPorts/I2C.o
 .debug_macro   0x0001d321       0x7e ./Core/PeripheralPorts/I2C.o
 .debug_macro   0x0001d39f       0x89 ./Core/PeripheralPorts/I2C.o
 .debug_macro   0x0001d428      0x293 ./Core/PeripheralPorts/I2C.o
 .debug_macro   0x0001d6bb       0xba ./Core/PeripheralPorts/I2C.o
 .debug_macro   0x0001d775      0x12d ./Core/PeripheralPorts/I2C.o
 .debug_macro   0x0001d8a2       0x94 ./Core/PeripheralPorts/I2C.o
 .debug_macro   0x0001d936      0x20a ./Core/Sensors/BAR30.o
 .debug_macro   0x0001db40       0x8e ./Core/Sensors/BAR30.o
 .debug_macro   0x0001dbce       0x70 ./Core/Sensors/BAR30_CommPorter.o
 .debug_macro   0x0001dc3e       0x1c ./Core/Sensors/BAR30_CommPorter.o
 .debug_macro   0x0001dc5a      0x210 ./Core/Sensors/MPU6050.o
 .debug_macro   0x0001de6a      0x1cc ./Core/Sensors/MPU6050.o
 .debug_macro   0x0001e036      0x38e ./Core/Src/main.o
 .debug_macro   0x0001e3c4       0x61 ./Core/Src/main.o
 .debug_macro   0x0001e425       0x2a ./Core/Src/main.o
 .debug_macro   0x0001e44f       0x43 ./Core/Src/main.o
 .debug_macro   0x0001e492       0x34 ./Core/Src/main.o
 .debug_macro   0x0001e4c6       0x16 ./Core/Src/main.o
 .debug_macro   0x0001e4dc       0x35 ./Core/Src/main.o
 .debug_macro   0x0001e511      0x369 ./Core/Src/main.o
 .debug_macro   0x0001e87a       0x10 ./Core/Src/main.o
 .debug_macro   0x0001e88a       0x16 ./Core/Src/main.o
 .debug_macro   0x0001e8a0       0x43 ./Core/Src/main.o
 .debug_macro   0x0001e8e3       0x34 ./Core/Src/main.o
 .debug_macro   0x0001e917       0x10 ./Core/Src/main.o
 .debug_macro   0x0001e927       0x58 ./Core/Src/main.o
 .debug_macro   0x0001e97f       0x8e ./Core/Src/main.o
 .debug_macro   0x0001ea0d       0x1c ./Core/Src/main.o
 .debug_macro   0x0001ea29      0x177 ./Core/Src/main.o
 .debug_macro   0x0001eba0       0x16 ./Core/Src/main.o
 .debug_macro   0x0001ebb6       0x16 ./Core/Src/main.o
 .debug_macro   0x0001ebcc      0x146 ./Core/Src/main.o
 .debug_macro   0x0001ed12       0x16 ./Core/Src/main.o
 .debug_macro   0x0001ed28       0x16 ./Core/Src/main.o
 .debug_macro   0x0001ed3e       0x29 ./Core/Src/main.o
 .debug_macro   0x0001ed67       0x16 ./Core/Src/main.o
 .debug_macro   0x0001ed7d       0x20 ./Core/Src/main.o
 .debug_macro   0x0001ed9d       0x65 ./Core/Src/main.o
 .debug_macro   0x0001ee02      0x20f ./Core/Src/main.o
 .debug_macro   0x0001f011      0x1fd ./Core/Src/stm32f4xx_hal_msp.o
 .debug_macro   0x0001f20e      0x207 ./Core/Src/stm32f4xx_it.o
 .debug_macro   0x0001f415      0x1ee ./Core/Src/system_stm32f4xx.o
 .debug_macro   0x0001f603      0x24e ./Drivers/STM32F4xx_HAL_Driver/Src/stm32f4xx_hal.o
 .debug_macro   0x0001f851      0x1ee ./Drivers/STM32F4xx_HAL_Driver/Src/stm32f4xx_hal_cortex.o
 .debug_macro   0x0001fa3f      0x1f4 ./Drivers/STM32F4xx_HAL_Driver/Src/stm32f4xx_hal_gpio.o
 .debug_macro   0x0001fc33      0x23c ./Drivers/STM32F4xx_HAL_Driver/Src/stm32f4xx_hal_i2c.o
 .debug_macro   0x0001fe6f      0x1fa ./Drivers/STM32F4xx_HAL_Driver/Src/stm32f4xx_hal_pcd.o
 .debug_macro   0x00020069      0x1ee ./Drivers/STM32F4xx_HAL_Driver/Src/stm32f4xx_hal_pcd_ex.o
 .debug_macro   0x00020257      0x212 ./Drivers/STM32F4xx_HAL_Driver/Src/stm32f4xx_hal_rcc.o
 .debug_macro   0x00020469      0x1ee ./Drivers/STM32F4xx_HAL_Driver/Src/stm32f4xx_ll_usb.o
 .debug_macro   0x00020657      0x38c ./Middlewares/ST/STM32_USB_Device_Library/Class/CDC/Src/usbd_cdc.o
 .debug_macro   0x000209e3       0x9e ./Middlewares/ST/STM32_USB_Device_Library/Class/CDC/Src/usbd_cdc.o
 .debug_macro   0x00020a81      0x10b ./Middlewares/ST/STM32_USB_Device_Library/Class/CDC/Src/usbd_cdc.o
 .debug_macro   0x00020b8c       0x56 ./Middlewares/ST/STM32_USB_Device_Library/Class/CDC/Src/usbd_cdc.o
 .debug_macro   0x00020be2       0x95 ./Middlewares/ST/STM32_USB_Device_Library/Class/CDC/Src/usbd_cdc.o
 .debug_macro   0x00020c77      0x373 ./Middlewares/ST/STM32_USB_Device_Library/Core/Src/usbd_core.o
 .debug_macro   0x00020fea      0x215 ./Middlewares/ST/STM32_USB_Device_Library/Core/Src/usbd_core.o
 .debug_macro   0x000211ff      0x37d ./Middlewares/ST/STM32_USB_Device_Library/Core/Src/usbd_ctlreq.o
 .debug_macro   0x0002157c      0x379 ./Middlewares/ST/STM32_USB_Device_Library/Core/Src/usbd_ioreq.o
 .debug_macro   0x000218f5      0x3ac ./USB_DEVICE/App/usb_device.o
 .debug_macro   0x00021ca1       0x9a ./USB_DEVICE/App/usb_device.o
 .debug_macro   0x00021d3b       0x22 ./USB_DEVICE/App/usb_device.o
 .debug_macro   0x00021d5d       0x16 ./USB_DEVICE/App/usb_device.o
 .debug_macro   0x00021d73      0x397 ./USB_DEVICE/App/usbd_cdc_if.o
 .debug_macro   0x0002210a       0x10 ./USB_DEVICE/App/usbd_cdc_if.o
 .debug_macro   0x0002211a      0x3b6 ./USB_DEVICE/App/usbd_desc.o
 .debug_macro   0x000224d0       0x1c ./USB_DEVICE/App/usbd_desc.o
 .debug_macro   0x000224ec      0x390 ./USB_DEVICE/Target/usbd_conf.o

.debug_line     0x00000000    0x15758
 .debug_line    0x00000000      0x8f7 ./Core/PeripheralPorts/I2C.o
 .debug_line    0x000008f7      0xa0b ./Core/Sensors/BAR30.o
 .debug_line    0x00001302      0x44f ./Core/Sensors/BAR30_CommPorter.o
 .debug_line    0x00001751      0xa41 ./Core/Sensors/MPU6050.o
 .debug_line    0x00002192      0xb58 ./Core/Src/main.o
 .debug_line    0x00002cea      0x7d5 ./Core/Src/stm32f4xx_hal_msp.o
 .debug_line    0x000034bf      0x868 ./Core/Src/stm32f4xx_it.o
 .debug_line    0x00003d27      0x7fa ./Core/Src/system_stm32f4xx.o
 .debug_line    0x00004521       0x7a ./Core/Startup/startup_stm32f407vgtx.o
 .debug_line    0x0000459b      0xa63 ./Drivers/STM32F4xx_HAL_Driver/Src/stm32f4xx_hal.o
 .debug_line    0x00004ffe      0xd55 ./Drivers/STM32F4xx_HAL_Driver/Src/stm32f4xx_hal_cortex.o
 .debug_line    0x00005d53      0xbef ./Drivers/STM32F4xx_HAL_Driver/Src/stm32f4xx_hal_gpio.o
 .debug_line    0x00006942     0x3ba9 ./Drivers/STM32F4xx_HAL_Driver/Src/stm32f4xx_hal_i2c.o
 .debug_line    0x0000a4eb     0x154c ./Drivers/STM32F4xx_HAL_Driver/Src/stm32f4xx_hal_pcd.o
 .debug_line    0x0000ba37      0x840 ./Drivers/STM32F4xx_HAL_Driver/Src/stm32f4xx_hal_pcd_ex.o
 .debug_line    0x0000c277      0xdee ./Drivers/STM32F4xx_HAL_Driver/Src/stm32f4xx_hal_rcc.o
 .debug_line    0x0000d065     0x1e3e ./Drivers/STM32F4xx_HAL_Driver/Src/stm32f4xx_ll_usb.o
 .debug_line    0x0000eea3      0xef9 ./Middlewares/ST/STM32_USB_Device_Library/Class/CDC/Src/usbd_cdc.o
 .debug_line    0x0000fd9c      0xf73 ./Middlewares/ST/STM32_USB_Device_Library/Core/Src/usbd_core.o
 .debug_line    0x00010d0f     0x1183 ./Middlewares/ST/STM32_USB_Device_Library/Core/Src/usbd_ctlreq.o
 .debug_line    0x00011e92      0xa8d ./Middlewares/ST/STM32_USB_Device_Library/Core/Src/usbd_ioreq.o
 .debug_line    0x0001291f      0xa49 ./USB_DEVICE/App/usb_device.o
 .debug_line    0x00013368      0xaac ./USB_DEVICE/App/usbd_cdc_if.o
 .debug_line    0x00013e14      0xb12 ./USB_DEVICE/App/usbd_desc.o
 .debug_line    0x00014926      0xe32 ./USB_DEVICE/Target/usbd_conf.o

.debug_str      0x00000000    0xc835a
 .debug_str     0x00000000    0xbe171 ./Core/PeripheralPorts/I2C.o
                              0xbe45e (size before relaxing)
 .debug_str     0x000be171      0x5e3 ./Core/Sensors/BAR30.o
                              0xbe36e (size before relaxing)
 .debug_str     0x000be754       0x23 ./Core/Sensors/BAR30_CommPorter.o
                               0x3de3 (size before relaxing)
 .debug_str     0x000be777     0x10d1 ./Core/Sensors/MPU6050.o
                              0xbee69 (size before relaxing)
 .debug_str     0x000bf848     0x4c93 ./Core/Src/main.o
                              0xc42b9 (size before relaxing)
 .debug_str     0x000c44db       0x7b ./Core/Src/stm32f4xx_hal_msp.o
                              0xbe402 (size before relaxing)
 .debug_str     0x000c4556      0x486 ./Core/Src/stm32f4xx_it.o
                              0xbe22c (size before relaxing)
 .debug_str     0x000c49dc       0xdb ./Core/Src/system_stm32f4xx.o
                              0xbdcc7 (size before relaxing)
 .debug_str     0x000c4ab7       0x44 ./Core/Startup/startup_stm32f407vgtx.o
                                 0x82 (size before relaxing)
 .debug_str     0x000c4afb      0x5f0 ./Drivers/STM32F4xx_HAL_Driver/Src/stm32f4xx_hal.o
                              0xbe84b (size before relaxing)
 .debug_str     0x000c50eb      0x37f ./Drivers/STM32F4xx_HAL_Driver/Src/stm32f4xx_hal_cortex.o
                              0xbe5c7 (size before relaxing)
 .debug_str     0x000c546a       0xe8 ./Drivers/STM32F4xx_HAL_Driver/Src/stm32f4xx_hal_gpio.o
                              0xbde42 (size before relaxing)
 .debug_str     0x000c5552      0xa6b ./Drivers/STM32F4xx_HAL_Driver/Src/stm32f4xx_hal_i2c.o
                              0xbece5 (size before relaxing)
 .debug_str     0x000c5fbd      0x831 ./Drivers/STM32F4xx_HAL_Driver/Src/stm32f4xx_hal_pcd.o
                              0xbe7a5 (size before relaxing)
 .debug_str     0x000c67ee      0x115 ./Drivers/STM32F4xx_HAL_Driver/Src/stm32f4xx_hal_pcd_ex.o
                              0xbe095 (size before relaxing)
 .debug_str     0x000c6903      0x1ff ./Drivers/STM32F4xx_HAL_Driver/Src/stm32f4xx_hal_rcc.o
                              0xbe0fb (size before relaxing)
 .debug_str     0x000c6b02      0x4b0 ./Drivers/STM32F4xx_HAL_Driver/Src/stm32f4xx_ll_usb.o
                              0xbe680 (size before relaxing)
 .debug_str     0x000c6fb2      0xa3b ./Middlewares/ST/STM32_USB_Device_Library/Class/CDC/Src/usbd_cdc.o
                              0xc2ec8 (size before relaxing)
 .debug_str     0x000c79ed      0x35c ./Middlewares/ST/STM32_USB_Device_Library/Core/Src/usbd_core.o
                              0xc2821 (size before relaxing)
 .debug_str     0x000c7d49      0x139 ./Middlewares/ST/STM32_USB_Device_Library/Core/Src/usbd_ctlreq.o
                              0xc264c (size before relaxing)
 .debug_str     0x000c7e82       0x51 ./Middlewares/ST/STM32_USB_Device_Library/Core/Src/usbd_ioreq.o
                              0xc2521 (size before relaxing)
 .debug_str     0x000c7ed3      0x105 ./USB_DEVICE/App/usb_device.o
                              0xc28d4 (size before relaxing)
 .debug_str     0x000c7fd8       0xa1 ./USB_DEVICE/App/usbd_cdc_if.o
                              0xc2914 (size before relaxing)
 .debug_str     0x000c8079      0x26e ./USB_DEVICE/App/usbd_desc.o
                              0xc2421 (size before relaxing)
 .debug_str     0x000c82e7       0x73 ./USB_DEVICE/Target/usbd_conf.o
                              0xc3716 (size before relaxing)

.comment        0x00000000       0x43
 .comment       0x00000000       0x43 ./Core/PeripheralPorts/I2C.o
                                 0x44 (size before relaxing)
 .comment       0x00000043       0x44 ./Core/Sensors/BAR30.o
 .comment       0x00000043       0x44 ./Core/Sensors/BAR30_CommPorter.o
 .comment       0x00000043       0x44 ./Core/Sensors/MPU6050.o
 .comment       0x00000043       0x44 ./Core/Src/main.o
 .comment       0x00000043       0x44 ./Core/Src/stm32f4xx_hal_msp.o
 .comment       0x00000043       0x44 ./Core/Src/stm32f4xx_it.o
 .comment       0x00000043       0x44 ./Core/Src/system_stm32f4xx.o
 .comment       0x00000043       0x44 ./Drivers/STM32F4xx_HAL_Driver/Src/stm32f4xx_hal.o
 .comment       0x00000043       0x44 ./Drivers/STM32F4xx_HAL_Driver/Src/stm32f4xx_hal_cortex.o
 .comment       0x00000043       0x44 ./Drivers/STM32F4xx_HAL_Driver/Src/stm32f4xx_hal_gpio.o
 .comment       0x00000043       0x44 ./Drivers/STM32F4xx_HAL_Driver/Src/stm32f4xx_hal_i2c.o
 .comment       0x00000043       0x44 ./Drivers/STM32F4xx_HAL_Driver/Src/stm32f4xx_hal_pcd.o
 .comment       0x00000043       0x44 ./Drivers/STM32F4xx_HAL_Driver/Src/stm32f4xx_hal_pcd_ex.o
 .comment       0x00000043       0x44 ./Drivers/STM32F4xx_HAL_Driver/Src/stm32f4xx_hal_rcc.o
 .comment       0x00000043       0x44 ./Drivers/STM32F4xx_HAL_Driver/Src/stm32f4xx_ll_usb.o
 .comment       0x00000043       0x44 ./Middlewares/ST/STM32_USB_Device_Library/Class/CDC/Src/usbd_cdc.o
 .comment       0x00000043       0x44 ./Middlewares/ST/STM32_USB_Device_Library/Core/Src/usbd_core.o
 .comment       0x00000043       0x44 ./Middlewares/ST/STM32_USB_Device_Library/Core/Src/usbd_ctlreq.o
 .comment       0x00000043       0x44 ./Middlewares/ST/STM32_USB_Device_Library/Core/Src/usbd_ioreq.o
 .comment       0x00000043       0x44 ./USB_DEVICE/App/usb_device.o
 .comment       0x00000043       0x44 ./USB_DEVICE/App/usbd_cdc_if.o
 .comment       0x00000043       0x44 ./USB_DEVICE/App/usbd_desc.o
 .comment       0x00000043       0x44 ./USB_DEVICE/Target/usbd_conf.o

.debug_frame    0x00000000     0x3fc8
 .debug_frame   0x00000000      0x140 ./Core/PeripheralPorts/I2C.o
 .debug_frame   0x00000140      0x180 ./Core/Sensors/BAR30.o
 .debug_frame   0x000002c0       0x34 ./Core/Sensors/BAR30_CommPorter.o
 .debug_frame   0x000002f4      0x2e0 ./Core/Sensors/MPU6050.o
 .debug_frame   0x000005d4       0xd0 ./Core/Src/main.o
 .debug_frame   0x000006a4       0x7c ./Core/Src/stm32f4xx_hal_msp.o
 .debug_frame   0x00000720      0x13c ./Core/Src/stm32f4xx_it.o
 .debug_frame   0x0000085c       0x58 ./Core/Src/system_stm32f4xx.o
 .debug_frame   0x000008b4      0x374 ./Drivers/STM32F4xx_HAL_Driver/Src/stm32f4xx_hal.o
 .debug_frame   0x00000c28      0x508 ./Drivers/STM32F4xx_HAL_Driver/Src/stm32f4xx_hal_cortex.o
 .debug_frame   0x00001130      0x14c ./Drivers/STM32F4xx_HAL_Driver/Src/stm32f4xx_hal_gpio.o
 .debug_frame   0x0000127c      0xc84 ./Drivers/STM32F4xx_HAL_Driver/Src/stm32f4xx_hal_i2c.o
 .debug_frame   0x00001f00      0x5b8 ./Drivers/STM32F4xx_HAL_Driver/Src/stm32f4xx_hal_pcd.o
 .debug_frame   0x000024b8       0xb0 ./Drivers/STM32F4xx_HAL_Driver/Src/stm32f4xx_hal_pcd_ex.o
 .debug_frame   0x00002568      0x1f4 ./Drivers/STM32F4xx_HAL_Driver/Src/stm32f4xx_hal_rcc.o
 .debug_frame   0x0000275c      0x7c0 ./Drivers/STM32F4xx_HAL_Driver/Src/stm32f4xx_ll_usb.o
 .debug_frame   0x00002f1c      0x23c ./Middlewares/ST/STM32_USB_Device_Library/Class/CDC/Src/usbd_cdc.o
 .debug_frame   0x00003158      0x390 ./Middlewares/ST/STM32_USB_Device_Library/Core/Src/usbd_core.o
 .debug_frame   0x000034e8      0x23c ./Middlewares/ST/STM32_USB_Device_Library/Core/Src/usbd_ctlreq.o
 .debug_frame   0x00003724      0x10c ./Middlewares/ST/STM32_USB_Device_Library/Core/Src/usbd_ioreq.o
 .debug_frame   0x00003830       0x2c ./USB_DEVICE/App/usb_device.o
 .debug_frame   0x0000385c       0xe4 ./USB_DEVICE/App/usbd_cdc_if.o
 .debug_frame   0x00003940      0x160 ./USB_DEVICE/App/usbd_desc.o
 .debug_frame   0x00003aa0      0x47c ./USB_DEVICE/Target/usbd_conf.o
 .debug_frame   0x00003f1c       0x20 C:/ST/STM32CubeIDE_1.17.0/STM32CubeIDE/plugins/com.st.stm32cube.ide.mcu.externaltools.gnu-tools-for-stm32.12.3.rel1.win32_1.1.0.202410251130/tools/bin/../lib/gcc/arm-none-eabi/12.3.1/../../../../arm-none-eabi/lib/thumb/v7e-m+fp/hard\libc_nano.a(libc_a-memset.o)
 .debug_frame   0x00003f3c       0x2c C:/ST/STM32CubeIDE_1.17.0/STM32CubeIDE/plugins/com.st.stm32cube.ide.mcu.externaltools.gnu-tools-for-stm32.12.3.rel1.win32_1.1.0.202410251130/tools/bin/../lib/gcc/arm-none-eabi/12.3.1/../../../../arm-none-eabi/lib/thumb/v7e-m+fp/hard\libc_nano.a(libc_a-init.o)
 .debug_frame   0x00003f68       0x2c C:/ST/STM32CubeIDE_1.17.0/STM32CubeIDE/plugins/com.st.stm32cube.ide.mcu.externaltools.gnu-tools-for-stm32.12.3.rel1.win32_1.1.0.202410251130/tools/bin/../lib/gcc/arm-none-eabi/12.3.1/thumb/v7e-m+fp/hard\libgcc.a(_aeabi_uldivmod.o)
 .debug_frame   0x00003f94       0x34 C:/ST/STM32CubeIDE_1.17.0/STM32CubeIDE/plugins/com.st.stm32cube.ide.mcu.externaltools.gnu-tools-for-stm32.12.3.rel1.win32_1.1.0.202410251130/tools/bin/../lib/gcc/arm-none-eabi/12.3.1/thumb/v7e-m+fp/hard\libgcc.a(_udivmoddi4.o)

.debug_line_str
                0x00000000       0x66
 .debug_line_str
                0x00000000       0x66 ./Core/Startup/startup_stm32f407vgtx.o